2024-06-17 20:46:13 - INFO - ==================== Total records : 16917 ====================
2024-06-17 20:46:24 - INFO - ******************** Processing ID: 356652 ******************** (2/16917 - 0.0%)
2024-06-17 20:46:26 - INFO -  Successfully processed  the record ID:356652
2024-06-17 20:46:26 - INFO - Content id : 356652, Tags : ['Ubuntu LTS', 'System Update', 'Package Versions', 'Security Notice', 'Network Services', 'JSON5', 'ES5', 'Vulnerability', 'CVE', 'Ubuntu Pro']
2024-06-17 20:46:26 - INFO - ******************** Processing ID: 356651 ******************** (3/16917 - 0.0%)
2024-06-17 20:46:28 - INFO -  Successfully processed  the record ID:356651
2024-06-17 20:46:28 - INFO - Content id : 356651, Tags : ['proactive security measures', 'security implications', 'netfilter subsystem', 'patching', 'sysadmins', 'infosec professionals', 'network packet filtering', 'Linux kernel', 'vulnerability', 'open-source security']
2024-06-17 20:46:28 - INFO - ******************** Processing ID: 356650 ******************** (4/16917 - 0.0%)
2024-06-17 20:46:30 - INFO -  Successfully processed  the record ID:356650
2024-06-17 20:46:30 - INFO - Content id : 356650, Tags : ['SUSE products', 'BGP', 'Denial of service', 'Security update', 'CVE-2024-31948']
2024-06-17 20:46:30 - INFO - ******************** Processing ID: 356649 ******************** (5/16917 - 0.0%)
2024-06-17 20:46:33 - INFO -  Successfully processed  the record ID:356649
2024-06-17 20:46:33 - INFO - Content id : 356649, Tags : ['Org Mode', 'Debian 10', 'Emacs', 'System Updates', 'Security Advisory']
2024-06-17 20:46:33 - INFO - ******************** Processing ID: 356648 ******************** (6/16917 - 0.0%)
2024-06-17 20:46:35 - INFO -  Successfully processed  the record ID:356648
2024-06-17 20:46:35 - INFO - Content id : 356648, Tags : ['Security notice', 'IRC services', 'Vulnerability', 'System update', 'Authentication bypass']
2024-06-17 20:46:35 - INFO - ******************** Processing ID: 356647 ******************** (7/16917 - 0.0%)
2024-06-17 20:46:37 - INFO -  Successfully processed  the record ID:356647
2024-06-17 20:46:37 - INFO - Content id : 356647, Tags : ['CVEs', 'Security Advisory', 'Shim Binaries', 'Oracle Linux', 'Unbreakable Linux Network']
2024-06-17 20:46:37 - INFO - ******************** Processing ID: 356646 ******************** (8/16917 - 0.0%)
2024-06-17 20:46:39 - INFO -  Successfully processed  the record ID:356646
2024-06-17 20:46:39 - INFO - Content id : 356646, Tags : ['Oracle Linux 7', 'tigervnc', 'CVEs', 'Security Advisory', 'Unbreakable Linux Network']
2024-06-17 20:46:39 - INFO - ******************** Processing ID: 356645 ******************** (9/16917 - 0.1%)
2024-06-17 20:46:42 - INFO -  Successfully processed  the record ID:356645
2024-06-17 20:46:42 - INFO - Content id : 356645, Tags : ['xorg-x11-server', 'rpms', 'ELSA-2024-2080', 'server management', 'tigervnc', 'CVEs', 'rpm updates', 'security patch', 'Security Advisory', 'vulnerabilities']
2024-06-17 20:46:42 - INFO - ******************** Processing ID: 356644 ******************** (10/16917 - 0.1%)
2024-06-17 20:46:46 - INFO -  Successfully processed  the record ID:356644
2024-06-17 20:46:46 - INFO - Content id : 356644, Tags : ['SUSE products', 'security update', 'CVEs', 'CVSS scores', 'installation methods', 'vulnerabilities']
2024-06-17 20:46:46 - INFO - ******************** Processing ID: 356643 ******************** (11/16917 - 0.1%)
2024-06-17 20:46:51 - INFO -  Successfully processed  the record ID:356643
2024-06-17 20:46:51 - INFO - Content id : 356643, Tags : ['zypper patch', 'SUSE Package Hub', 'Package updates', 'YaST online_update', 'Bug reports', 'Vulnerabilities', 'Multimedia processing', 'Security update', 'Heap buffer overflow', 'CVE-2024-31578']
2024-06-17 20:46:51 - INFO - ******************** Processing ID: 356642 ******************** (12/16917 - 0.1%)
2024-06-17 20:46:54 - INFO -  Successfully processed  the record ID:356642
2024-06-17 20:46:54 - INFO - Content id : 356642, Tags : ['System Update', 'Security Notice', 'Vulnerabilities', 'Denial of Service', 'CVE-2024-32659', 'Remote Attack', 'CVE-2024-32660', 'RDP Client', 'CVE-2024-32658', 'Memory Operations']
2024-06-17 20:46:54 - INFO - ******************** Processing ID: 356641 ******************** (13/16917 - 0.1%)
2024-06-17 20:46:57 - INFO -  Successfully processed  the record ID:356641
2024-06-17 20:46:58 - INFO - Content id : 356641, Tags : ['package list', 'affected products', 'docker', 'security fix', 'security update', 'CVSS scores', 'SUSE', 'CVE', 'patch instructions']
2024-06-17 20:46:58 - INFO - ******************** Processing ID: 356640 ******************** (14/16917 - 0.1%)
2024-06-17 20:46:59 - INFO -  Successfully processed  the record ID:356640
2024-06-17 20:46:59 - INFO - Content id : 356640, Tags : ['Secure shell', 'Infosecurity management', 'Network security', 'Linux server administration', 'System hardening']
2024-06-17 20:46:59 - INFO - ******************** Processing ID: 356639 ******************** (15/16917 - 0.1%)
2024-06-17 20:47:05 - INFO -  Successfully processed  the record ID:356639
2024-06-17 20:47:06 - INFO - Content id : 356639, Tags : ['PHP vulnerabilities', 'CVE-2024-2756', 'CVE-2024-3096', 'Launchpad', 'Package information', 'System update', 'Security notices', 'CVE-2022-4900', 'Ubuntu releases', 'Ubuntu Pro']
2024-06-17 20:47:06 - INFO - ******************** Processing ID: 356638 ******************** (16/16917 - 0.1%)
2024-06-17 20:47:09 - INFO -  Successfully processed  the record ID:356638
2024-06-17 20:47:10 - INFO - Content id : 356638, Tags : ['Org Mode', 'Debian 10 Buster', 'Debian LTS', 'Advisory', 'Emacs Packages', 'Security Fixes', 'CVE IDs', 'Security Tracker', 'GNU Emacs', 'Security Advisories']
2024-06-17 20:47:10 - INFO - ******************** Processing ID: 356637 ******************** (17/16917 - 0.1%)
2024-06-17 20:47:11 - INFO -  Successfully processed  the record ID:356637
2024-06-17 20:47:12 - INFO - Content id : 356637, Tags : ['Security notice', 'Buffer overflow', 'Python library', 'System update', 'Vulnerability']
2024-06-17 20:47:12 - INFO - ******************** Processing ID: 356636 ******************** (18/16917 - 0.1%)
2024-06-17 20:47:15 - INFO -  Successfully processed  the record ID:356636
2024-06-17 20:47:15 - INFO - Content id : 356636, Tags : ['Package versions', 'PEM bundles', 'ECDSA operations', 'Ubuntu 24.04 LTS', 'libgnutls30t64', 'Security vulnerabilities', 'CVE-2024-28835', 'System update', 'GnuTLS', 'CVE-2024-28834']
2024-06-17 20:47:15 - INFO - ******************** Processing ID: 356635 ******************** (19/16917 - 0.1%)
2024-06-17 20:47:18 - INFO -  Successfully processed  the record ID:356635
2024-06-17 20:47:19 - INFO - Content id : 356635, Tags : ['CVE-2023-38709', 'System Update', 'CVE-2024-24795', 'Security Notice', 'Vulnerabilities', 'Denial of Service', 'Apache HTTP Server', 'CVE-2024-27316', 'HTTP Request Splitting']
2024-06-17 20:47:19 - INFO - ******************** Processing ID: 356634 ******************** (20/16917 - 0.1%)
2024-06-17 20:47:21 - INFO -  Successfully processed  the record ID:356634
2024-06-17 20:47:22 - INFO - Content id : 356634, Tags : ['Security notice', 'GNU C Library', 'System update', 'Ubuntu 24.04 LTS', 'Vulnerability']
2024-06-17 20:47:22 - INFO - ******************** Processing ID: 356633 ******************** (21/16917 - 0.1%)
2024-06-17 20:47:24 - INFO -  Successfully processed  the record ID:356633
2024-06-17 20:47:24 - INFO - Content id : 356633, Tags : ['system update', 'denial of service', 'Security Notice', 'FTP client', 'Ubuntu 24.04 LTS', 'memory handling', 'HTTPS client', 'HTTP client', 'curl vulnerabilities']
2024-06-17 20:47:25 - INFO - ******************** Processing ID: 356632 ******************** (22/16917 - 0.1%)
2024-06-17 20:47:27 - INFO -  Successfully processed  the record ID:356632
2024-06-17 20:47:28 - INFO - Content id : 356632, Tags : ['Security notice', 'API calls', 'Vulnerabilities', 'System update', 'Virtualization']
2024-06-17 20:47:28 - INFO - ******************** Processing ID: 356631 ******************** (23/16917 - 0.1%)
2024-06-17 20:47:33 - INFO -  Successfully processed  the record ID:356631
2024-06-17 20:47:34 - INFO - Content id : 356631, Tags : ['bug reports', 'Jira SUSE', 'installation instructions', 'Bugzilla SUSE', 'CVSS scores', 'security vulnerabilities', 'package versions']
2024-06-17 20:47:34 - INFO - ******************** Processing ID: 356630 ******************** (24/16917 - 0.1%)
2024-06-17 20:47:39 - INFO -  Successfully processed  the record ID:356630
2024-06-17 20:47:40 - INFO - Content id : 356630, Tags : ['system update', 'bug reports', 'security update', 'shim package', 'CVEs', 'SUSE Linux Enterprise', 'vulnerabilities', 'patch instructions']
2024-06-17 20:47:40 - INFO - ******************** Processing ID: 356629 ******************** (25/16917 - 0.1%)
2024-06-17 20:47:43 - INFO -  Successfully processed  the record ID:356629
2024-06-17 20:47:44 - INFO - Content id : 356629, Tags : ['System Update', 'CVE-2024-32487', 'Package Versions', 'Security Notice', 'Pager Program', 'File Names', 'Ubuntu Derivatives', 'Newline Characters', 'Vulnerability', 'Arbitrary Commands']
2024-06-17 20:47:44 - INFO - ******************** Processing ID: 356628 ******************** (26/16917 - 0.2%)
2024-06-17 20:47:46 - INFO -  Successfully processed  the record ID:356628
2024-06-17 20:47:47 - INFO - Content id : 356628, Tags : ['Security notice', 'Package versions', 'Vulnerabilities', 'System update', 'Path traversal']
2024-06-17 20:47:47 - INFO - ******************** Processing ID: 356627 ******************** (27/16917 - 0.2%)
2024-06-17 20:47:49 - INFO -  Successfully processed  the record ID:356627
2024-06-17 20:47:50 - INFO - Content id : 356627, Tags : ['Vulnerability fix', 'CVE-2024-25583', 'Denial of service', 'Security update', 'openSUSE Backports']
2024-06-17 20:47:50 - INFO - ******************** Processing ID: 356626 ******************** (28/16917 - 0.2%)
2024-06-17 20:47:53 - INFO -  Successfully processed  the record ID:356626
2024-06-17 20:47:54 - INFO - Content id : 356626, Tags : ['Debian LTS', 'update information', 'web applications', 'ruby-rack', 'security tracker', 'security advisories', 'system updates', 'vulnerabilities', 'CVE', 'security status']
2024-06-17 20:47:54 - INFO - ******************** Processing ID: 356625 ******************** (29/16917 - 0.2%)
2024-06-17 20:47:56 - INFO -  Successfully processed  the record ID:356625
2024-06-17 20:47:57 - INFO - Content id : 356625, Tags : ['Release 120.fc39', 'Fedora 39', 'URL http://www.gnu.org/software/grub/', 'Version 2.06', 'Update Notification']
2024-06-17 20:47:57 - INFO - ******************** Processing ID: 356624 ******************** (30/16917 - 0.2%)
2024-06-17 20:47:59 - INFO -  Successfully processed  the record ID:356624
2024-06-17 20:48:00 - INFO - Content id : 356624, Tags : ['Update notification', 'Python library', 'Security fix', 'CVE-2024-3651', 'Protocol update']
2024-06-17 20:48:00 - INFO - ******************** Processing ID: 356623 ******************** (31/16917 - 0.2%)
2024-06-17 20:48:03 - INFO -  Successfully processed  the record ID:356623
2024-06-17 20:48:05 - INFO - Content id : 356623, Tags : ['Debian LTS', 'security advisory', 'Apache Traffic Server', 'HTTP/2', 'caching proxy server', 'security tracker', 'system updates', 'Debian 10 buster', 'DoS attacks', 'trafficserver']
2024-06-17 20:48:05 - INFO - ******************** Processing ID: 356622 ******************** (32/16917 - 0.2%)
2024-06-17 20:48:07 - INFO -  Successfully processed  the record ID:356622
2024-06-17 20:48:08 - INFO - Content id : 356622, Tags : ['security advisory', 'vulnerability fix', 'security tracker', 'package update', 'system upgrade']
2024-06-17 20:48:08 - INFO - ******************** Processing ID: 356621 ******************** (33/16917 - 0.2%)
2024-06-17 20:48:10 - INFO -  Successfully processed  the record ID:356621
2024-06-17 20:48:11 - INFO - Content id : 356621, Tags : ['software installation', 'App Center', 'open-source software', 'Ubuntu 24.04', 'desktop improvements', 'package solutions']
2024-06-17 20:48:11 - INFO - ******************** Processing ID: 356620 ******************** (34/16917 - 0.2%)
2024-06-17 20:48:17 - INFO -  Successfully processed  the record ID:356620
2024-06-17 20:48:18 - INFO - Content id : 356620, Tags : ['Debian 10', 'FRRouting', 'Software Patch', 'Remote Code Execution', 'Package Management', 'Vulnerabilities', 'CVEs', 'Security Advisory', 'Security Tracker', 'Buffer Overflows']
2024-06-17 20:48:18 - INFO - ******************** Processing ID: 356619 ******************** (35/16917 - 0.2%)
2024-06-17 20:48:19 - INFO -  Successfully processed  the record ID:356619
2024-06-17 20:48:21 - INFO - Content id : 356619, Tags : ['PDF generation', 'Vector formats', 'Bitmap formats', 'Graphics creation']
2024-06-17 20:48:21 - INFO - ******************** Processing ID: 356618 ******************** (36/16917 - 0.2%)
2024-06-17 20:48:23 - INFO -  Successfully processed  the record ID:356618
2024-06-17 20:48:24 - INFO - Content id : 356618, Tags : ['Web Browser', 'Fedora Update', 'Security Update', 'Chromium Browser', 'CVE-2024']
2024-06-17 20:48:24 - INFO - ******************** Processing ID: 356617 ******************** (37/16917 - 0.2%)
2024-06-17 20:48:25 - INFO -  Successfully processed  the record ID:356617
2024-06-17 20:48:26 - INFO - Content id : 356617, Tags : ['PDF generation', 'ReportLab', 'graphics creation', 'bitmap formats', 'vector formats']
2024-06-17 20:48:26 - INFO - ******************** Processing ID: 356616 ******************** (38/16917 - 0.2%)
2024-06-17 20:48:31 - INFO -  Successfully processed  the record ID:356616
2024-06-17 20:48:32 - INFO - Content id : 356616, Tags : ['Debian LTS', 'CVE-2024-PENDING', 'mediawiki security', 'CVE-2023-51704', 'Debian 10 buster']
2024-06-17 20:48:32 - INFO - ******************** Processing ID: 356615 ******************** (39/16917 - 0.2%)
2024-06-17 20:48:34 - INFO -  Successfully processed  the record ID:356615
2024-06-17 20:48:36 - INFO - Content id : 356615, Tags : ['Security practices', 'Software development', 'Testing processes', 'System security', 'Security vulnerabilities', 'WebGPU standard', 'V8 API', 'Update systems', 'Ethical hacking', 'Bug bounty programs']
2024-06-17 20:48:36 - INFO - ******************** Processing ID: 356614 ******************** (40/16917 - 0.2%)
2024-06-17 20:48:37 - INFO -  Successfully processed  the record ID:356614
2024-06-17 20:48:39 - INFO - Content id : 356614, Tags : ['security', 'Mageia', 'firefox', 'vulnerabilities', 'CVE-2024']
2024-06-17 20:48:39 - INFO - ******************** Processing ID: 356613 ******************** (41/16917 - 0.2%)
2024-06-17 20:48:41 - INFO -  Successfully processed  the record ID:356613
2024-06-17 20:48:42 - INFO - Content id : 356613, Tags : ['Chromium web browser', 'Update notification', 'CVE-2024-4060', 'CVE-2024-4058', 'Fedora 39', 'Use after free', 'Type Confusion', 'Out of bounds read', 'WebKit (Blink)', 'CVE-2024-4059']
2024-06-17 20:48:42 - INFO - ******************** Processing ID: 356612 ******************** (42/16917 - 0.2%)
2024-06-17 20:48:47 - INFO -  Successfully processed  the record ID:356612
2024-06-17 20:48:48 - INFO - Content id : 356612, Tags : ['Chromium', 'Linux support', 'Package updates', 'Bug reports', 'CVEs', 'Security vulnerabilities', 'Mitre CVE details', 'Chrome release announcements', 'System security', 'Mageia release 9']
2024-06-17 20:48:48 - INFO - ******************** Processing ID: 356611 ******************** (43/16917 - 0.3%)
2024-06-17 20:48:50 - INFO -  Successfully processed  the record ID:356611
2024-06-17 20:48:51 - INFO - Content id : 356611, Tags : ['memory safety', 'thunderbird', 'Mageia releases', 'security vulnerabilities', 'CVE-2024']
2024-06-17 20:48:51 - INFO - ******************** Processing ID: 356610 ******************** (44/16917 - 0.3%)
2024-06-17 20:48:53 - INFO -  Successfully processed  the record ID:356610
2024-06-17 20:48:55 - INFO - Content id : 356610, Tags : ['denial of service vulnerabilities', 'Thunderbird security', 'CPU cache exposure', 'system security', 'memory safety vulnerabilities', 'open-source programs', 'Linux kernel', 'Intel processor vulnerability', 'Firefox security', 'security patch updates']
2024-06-17 20:48:55 - INFO - ******************** Processing ID: 356609 ******************** (45/16917 - 0.3%)
2024-06-17 20:49:19 - INFO -  Successfully processed  the record ID:356609
2024-06-17 20:49:20 - INFO - Content id : 356609, Tags : ['bug fixes', 'package list', 'remediation actions', 'SUSE update', 'security update', 'CVSS scores', 'security advisories', 'java packages', 'SUSE Linux Enterprise', 'vulnerabilities']
2024-06-17 20:49:20 - INFO - ******************** Processing ID: 356608 ******************** (46/16917 - 0.3%)
2024-06-17 20:49:25 - INFO -  Successfully processed  the record ID:356608
2024-06-17 20:49:27 - INFO - Content id : 356608, Tags : ['zypper patch', 'YaST online_update', 'security update', 'vulnerability fixes', 'SUSE recommended methods', 'patch instructions']
2024-06-17 20:49:27 - INFO - ******************** Processing ID: 356607 ******************** (47/16917 - 0.3%)
2024-06-17 20:49:31 - INFO -  Successfully processed  the record ID:356607
2024-06-17 20:49:33 - INFO - Content id : 356607, Tags : ['bug reports', 'java-11-openjdk', 'tests failures', 'security update', 'JDK', 'platform-specific issues', 'CVSS scores', 'vulnerabilities', 'RSA key implementations', 'upstream tag']
2024-06-17 20:49:33 - INFO - ******************** Processing ID: 356606 ******************** (48/16917 - 0.3%)
2024-06-17 20:49:36 - INFO -  Successfully processed  the record ID:356606
2024-06-17 20:49:38 - INFO - Content id : 356606, Tags : ['bug reports', 'Server Applications Module', 'FRRouting', 'architectures', 'security update', 'CVEs', 'patch management', 'security issues', 'vulnerabilities', 'software vulnerabilities']
2024-06-17 20:49:38 - INFO - ******************** Processing ID: 356605 ******************** (49/16917 - 0.3%)
2024-06-17 20:49:40 - INFO -  Successfully processed  the record ID:356605
2024-06-17 20:49:42 - INFO - Content id : 356605, Tags : ['atomic updates', 'memory management', 'map types', 'DDoS protection', 'performance optimization', 'inconsistency', 'configuration complexity']
2024-06-17 20:49:42 - INFO - ******************** Processing ID: 356604 ******************** (50/16917 - 0.3%)
2024-06-17 20:49:43 - INFO -  Successfully processed  the record ID:356604
2024-06-17 20:49:45 - INFO - Content id : 356604, Tags : ['Vulnerability assessment', 'System hardening', 'Network security', 'Infosecurity best practices']
2024-06-17 20:49:45 - INFO - ******************** Processing ID: 356603 ******************** (51/16917 - 0.3%)
2024-06-17 20:49:47 - INFO -  Successfully processed  the record ID:356603
2024-06-17 20:49:49 - INFO - Content id : 356603, Tags : ['Debian Security', 'Chromium', 'Information Disclosure', 'Arbitrary Code', 'Denial of Service', 'System Security', 'Package Update', 'Security Advisory', 'Security Tracker', 'CVE']
2024-06-17 20:49:49 - INFO - ******************** Processing ID: 356602 ******************** (52/16917 - 0.3%)
2024-06-17 20:49:52 - INFO -  Successfully processed  the record ID:356602
2024-06-17 20:49:55 - INFO - Content id : 356602, Tags : ['patch instructions', 'security update', 'package management', 'SUSE Linux Enterprise', 'vulnerability']
2024-06-17 20:49:55 - INFO - ******************** Processing ID: 356601 ******************** (53/16917 - 0.3%)
2024-06-17 20:49:57 - INFO -  Successfully processed  the record ID:356601
2024-06-17 20:49:59 - INFO - Content id : 356601, Tags : ['security update', 'qemu', 'vulnerability fix', 'SUSE', 'CVE']
2024-06-17 20:49:59 - INFO - ******************** Processing ID: 356600 ******************** (54/16917 - 0.3%)
2024-06-17 20:50:03 - INFO -  Successfully processed  the record ID:356600
2024-06-17 20:50:05 - INFO - Content id : 356600, Tags : ['CVE-2024-3651 implications', 'patch improvements', 'zypper commands', 'security update', 'security vulnerabilities', 'patch installation', 'CVE-2024-3651', 'SUSE Linux Enterprise', 'vulnerability', 'openSUSE Leap']
2024-06-17 20:50:05 - INFO - ******************** Processing ID: 356599 ******************** (55/16917 - 0.3%)
2024-06-17 20:50:31 - INFO -  Successfully processed  the record ID:356599
2024-06-17 20:50:33 - INFO - Content id : 356599, Tags : ['patching process', 'package versions', 'security implications']
2024-06-17 20:50:33 - INFO - ******************** Processing ID: 356598 ******************** (56/16917 - 0.3%)
2024-06-17 20:50:39 - INFO -  Successfully processed  the record ID:356598
2024-06-17 20:50:41 - INFO - Content id : 356598, Tags : ['SUSE Package Hub 15 15-SP5', 'version numbers', 'operating system', 'software projects', 'debugging information', 'bug report', 'PHP modules', 'security vulnerabilities', 'PHP components', 'openSUSE Leap 15.5']
2024-06-17 20:50:41 - INFO - ******************** Processing ID: 356597 ******************** (57/16917 - 0.3%)
2024-06-17 20:50:45 - INFO -  Successfully processed  the record ID:356597
2024-06-17 20:50:47 - INFO - Content id : 356597, Tags : ['software packages', 'CVE numbers', 'patch installation instructions', 'bug report', 'PHP modules', 'security vulnerabilities']
2024-06-17 20:50:47 - INFO - ******************** Processing ID: 356596 ******************** (58/16917 - 0.3%)
2024-06-17 20:50:52 - INFO -  Successfully processed  the record ID:356596
2024-06-17 20:50:54 - INFO - Content id : 356596, Tags : ['openSUSE Leap 15.4', 'zypper patch', 'PHP8 update', 'YaST online_update', 'SUSE Linux Enterprise High Performance Computing 15 SP5', 'version numbers', 'PHP8 modules', 'vulnerabilities']
2024-06-17 20:50:54 - INFO - ******************** Processing ID: 356595 ******************** (59/16917 - 0.3%)
2024-06-17 20:50:58 - INFO -  Successfully processed  the record ID:356595
2024-06-17 20:51:01 - INFO - Content id : 356595, Tags : ['Source RPM', 'Software Distribution', 'Advisory', 'Upstream Version', 'CVEs', 'MITRE Database', 'Security Fixes', 'Bug Reports']
2024-06-17 20:51:01 - INFO - ******************** Processing ID: 356594 ******************** (60/16917 - 0.4%)
2024-06-17 20:51:03 - INFO -  Successfully processed  the record ID:356594
2024-06-17 20:51:05 - INFO - Content id : 356594, Tags : ['DNS resolver', 'Debian LTS', 'security tracker page', 'Debian LTS security advisories', 'knot-resolver', 'security vulnerabilities', 'remote attackers', 'Debian 10 buster', 'denial-of-service', 'DNSSEC validation']
2024-06-17 20:51:05 - INFO - ******************** Processing ID: 356593 ******************** (61/16917 - 0.4%)
2024-06-17 20:51:07 - INFO -  Successfully processed  the record ID:356593
2024-06-17 20:51:10 - INFO - Content id : 356593, Tags : ['Security Patches', 'Bug Fixes', 'Fedora 38', 'Update Notification', 'Virtual Machine Monitor']
2024-06-17 20:51:10 - INFO - ******************** Processing ID: 356592 ******************** (62/16917 - 0.4%)
2024-06-17 20:51:13 - INFO -  Successfully processed  the record ID:356592
2024-06-17 20:51:16 - INFO - Content id : 356592, Tags : ['nghttp2', 'Ubuntu Security', 'denial of service', 'package information', 'security update', 'system resources', 'remote attackers', 'security vulnerabilities', 'vulnerabilities', 'CVE identifiers']
2024-06-17 20:51:16 - INFO - ******************** Processing ID: 356591 ******************** (63/16917 - 0.4%)
2024-06-17 20:51:18 - INFO -  Successfully processed  the record ID:356591
2024-06-17 20:51:20 - INFO - Content id : 356591, Tags : ['system update', 'sensitive information', 'CVE-2023-46233', 'JavaScript', 'package information', 'remote attacker', 'security issue', 'Ubuntu Security Notice', 'cryptographic algorithms', 'vulnerability']
2024-06-17 20:51:20 - INFO - ******************** Processing ID: 356590 ******************** (64/16917 - 0.4%)
2024-06-17 20:51:22 - INFO -  Successfully processed  the record ID:356590
2024-06-17 20:51:25 - INFO - Content id : 356590, Tags : ['Version Control', 'Software Development', 'Patch Management', 'System Administration', 'Containerization', 'Linux Distribution', 'Source Code Management', 'Security Advisory', 'Vulnerability', 'Updates']
2024-06-17 20:51:25 - INFO - ******************** Processing ID: 356589 ******************** (65/16917 - 0.4%)
2024-06-17 20:51:27 - INFO -  Successfully processed  the record ID:356589
2024-06-17 20:51:30 - INFO - Content id : 356589, Tags : ['SSH client', 'PuTTY vulnerability', 'Security status', 'Information leak', 'Terrapin attack', 'Integrity checks', 'Package upgrade', 'Security tracker', 'Debian LTS Advisory', 'CVE']
2024-06-17 20:51:30 - INFO - ******************** Processing ID: 356588 ******************** (66/16917 - 0.4%)
2024-06-17 20:51:33 - INFO -  Successfully processed  the record ID:356588
2024-06-17 20:51:36 - INFO - Content id : 356588, Tags : ['Patch instructions', 'SUSE products', 'Bug fixes', 'Package versions', 'Software updates', 'Vulnerabilities', 'CVSS scores', 'Security update', 'CVE security vulnerabilities', 'Installation methods']
2024-06-17 20:51:36 - INFO - ******************** Processing ID: 356587 ******************** (67/16917 - 0.4%)
2024-06-17 20:51:37 - INFO -  Successfully processed  the record ID:356587
2024-06-17 20:51:40 - INFO - Content id : 356587, Tags : ['libarchive patch', 'Security advisory', 'Vulnerability fix', 'Slackware 15.0', 'Security update']
2024-06-17 20:51:40 - INFO - ******************** Processing ID: 356586 ******************** (68/16917 - 0.4%)
2024-06-17 20:51:42 - INFO -  Successfully processed  the record ID:356586
2024-06-17 20:51:44 - INFO - Content id : 356586, Tags : ['PDNS Recursor', 'FAQs', 'Denial of Service', 'CVE-2024-25583', 'Security Advisory', 'Security Updates']
2024-06-17 20:51:45 - INFO - ******************** Processing ID: 356585 ******************** (69/16917 - 0.4%)
2024-06-17 20:51:46 - INFO -  Successfully processed  the record ID:356585
2024-06-17 20:51:48 - INFO - Content id : 356585, Tags : ['dcmtk', 'Security Update', 'Vulnerability Fix']
2024-06-17 20:51:48 - INFO - ******************** Processing ID: 356584 ******************** (70/16917 - 0.4%)
2024-06-17 20:51:52 - INFO -  Successfully processed  the record ID:356584
2024-06-17 20:51:55 - INFO - Content id : 356584, Tags : ['Security notice', 'Ubuntu LTS', 'Reflected XSS', 'Package versions', 'Vulnerabilities', 'Update instructions', 'System update', 'Open-source monitoring', 'Cross-site scripting', 'IT components']
2024-06-17 20:51:55 - INFO - ******************** Processing ID: 356583 ******************** (71/16917 - 0.4%)
2024-06-17 20:51:58 - INFO -  Successfully processed  the record ID:356583
2024-06-17 20:52:00 - INFO - Content id : 356583, Tags : ['System Update', 'Security Notice', 'Vulnerabilities', 'Denial of Service', 'CVE-2024-32659', 'Remote Attack', 'CVE-2024-32660', 'RDP Client', 'CVE-2024-32658', 'Memory Operations']
2024-06-17 20:52:00 - INFO - ******************** Processing ID: 356582 ******************** (72/16917 - 0.4%)
2024-06-17 20:52:02 - INFO -  Successfully processed  the record ID:356582
2024-06-17 20:52:05 - INFO - Content id : 356582, Tags : ['software challenges', 'vulnerability management', 'secure architecture', 'internet communications', 'security enhancements', 'system security', 'Ubuntu 24.04 LTS']
2024-06-17 20:52:05 - INFO - ******************** Processing ID: 356581 ******************** (73/16917 - 0.4%)
2024-06-17 20:52:07 - INFO -  Successfully processed  the record ID:356581
2024-06-17 20:52:10 - INFO - Content id : 356581, Tags : ['Code Fix', 'CVE-2024-2357', 'Security Advisory', 'RPM Updates', 'Unbreakable Linux Network']
2024-06-17 20:52:10 - INFO - ******************** Processing ID: 356580 ******************** (74/16917 - 0.4%)
2024-06-17 20:52:14 - INFO -  Successfully processed  the record ID:356580
2024-06-17 20:52:17 - INFO - Content id : 356580, Tags : ['Software Updates', 'Bug Fixes', 'Vulnerabilities', 'CVEs', 'System Security', 'RPMs', 'Security Resolutions', 'Vulnerability Management', 'Security Advisory', 'Red Hat Enterprise Linux']
2024-06-17 20:52:17 - INFO - ******************** Processing ID: 356579 ******************** (75/16917 - 0.4%)
