2024-06-17 18:33:16 - INFO - ==================== Total records : 16917 ====================
2024-06-17 18:33:16 - INFO - ******************** Processing ID: 348483 ******************** (2/16917 - 0.0%)
2024-06-17 18:33:18 - INFO -  Successfully processed  the record ID:348483
2024-06-17 18:33:59 - INFO - ==================== Total records : 16917 ====================
2024-06-17 18:33:59 - INFO - ******************** Processing ID: 348483 ******************** (2/16917 - 0.0%)
2024-06-17 18:34:01 - INFO -  Successfully processed  the record ID:348483
2024-06-17 18:34:01 - INFO - Content id : 348483, Meta keywords : ['Ubuntu Security Notice', 'openssh vulnerability', 'secure shell', 'SSH', 'remote access', 'PKCS#11 providers', 'system update', 'CVE-2023-38408', 'package versions', 'security issue'], Meta description : Ubuntu Security Notice USN-6242-1: OpenSSH vulnerability affecting Ubuntu 23.04, 22.04 LTS, and 20.04 LTS. Update instructions and package information provided., Tags : ['vulnerability', 'Ubuntu', 'package information', 'SSH', 'PKCS#11', 'software security', 'CVE', 'security notice', 'system update', 'remote access']
2024-06-17 18:34:01 - INFO - ******************** Processing ID: 348484 ******************** (3/16917 - 0.0%)
2024-06-17 18:34:04 - INFO -  Successfully processed  the record ID:348484
2024-06-17 18:34:04 - INFO - Content id : 348484, Meta keywords : ['kernel-firmware', 'security issue', 'AMD microcode', 'use-after-free', 'AMD Zen2 processors', 'Tavis Ormandy', 'poc', 'keys and passwords', 'CVE-2023-20593'], Meta description : New kernel-firmware packages available for Slackware 14.2, 15.0, and -current to fix a security issue with AMD microcode update for AMD Zen2 processors., Tags : ['AMD microcode', 'Tavis Ormandy', 'vulnerability', 'software security', 'kernel-firmware']
2024-06-17 18:34:04 - INFO - ******************** Processing ID: 348485 ******************** (4/16917 - 0.0%)
2024-06-17 18:34:08 - INFO -  Successfully processed  the record ID:348485
2024-06-17 18:34:08 - INFO - Content id : 348485, Meta keywords : ['zabbix security update', 'openSUSE Backports', 'SLE-15-SP4', 'SLE-15-SP5', 'CVE-2023-29454', 'software packages', 'version 4.0.47', 'bug fixes', 'XSS vulnerabilities', 'patch instructions'], Meta description : Security update for zabbix in openSUSE Backports SLE-15-SP4 and SLE-15-SP5, addressing CVE-2023-29454 and including new features, improvements, and bug fixes., Tags : ['XSS vulnerabilities', 'software packages', 'AMD microcode', 'security update']
2024-06-17 18:34:08 - INFO - ******************** Processing ID: 348486 ******************** (5/16917 - 0.0%)
2024-06-17 18:34:11 - INFO -  Successfully processed  the record ID:348486
2024-06-17 18:34:11 - INFO - Content id : 348486, Meta keywords : ['WordPress vulnerabilities', 'website security', 'cyber attacks', 'WordPress best practices', 'security plugins', 'SQL injection', 'XSS vulnerabilities', 'brute force attacks', 'file upload vulnerabilities', 'content security policy'], Meta description : Explore common WordPress vulnerabilities and best practices to fortify your website against cyber attacks., Tags : ['data protection', 'software packages', 'vulnerability']
2024-06-17 18:34:11 - INFO - ******************** Processing ID: 348487 ******************** (6/16917 - 0.0%)
2024-06-17 18:34:14 - INFO -  Successfully processed  the record ID:348487
2024-06-17 18:34:14 - INFO - Content id : 348487, Meta keywords : ['Debian LTS Advisory', 'renderdoc security issues', 'CVE-2023-33863', 'CVE-2023-33864', 'CVE-2023-33865', 'graphics debugging tool', 'remote code execution', 'integer overflow', 'symlink vulnerability', 'Debian 10 buster'], Meta description : Debian LTS Advisory DLA-3501-1 for renderdoc security issues CVE-2023-33863, CVE-2023-33864, and CVE-2023-33865. Upgrade your renderdoc packages for Debian 10 buster., Tags : ['Debian LTS', 'patch instructions', 'vulnerability', 'Debian 10 buster', 'security update', 'CVE', 'renderdoc']
2024-06-17 18:34:14 - INFO - ******************** Processing ID: 348488 ******************** (7/16917 - 0.0%)
2024-06-17 18:34:15 - INFO -  Successfully processed  the record ID:348488
2024-06-17 18:34:16 - INFO - Content id : 348488, Meta keywords : ['SUSE Container Update Advisory', 'Container Tags', 'Container Release', 'Severity', 'Type', 'References', 'Advisory ID', 'Released', 'Summary', 'Security update'], Meta description : SUSE Container Update Advisory for bci/golang, linux-glibc-devel, and openssh. Security and recommended updates with important and moderate severity., Tags : ['Linux-glibc-devel', 'Summary', 'Container', 'vulnerability', 'security update', 'Openssh']
2024-06-17 18:34:16 - INFO - ******************** Processing ID: 348489 ******************** (8/16917 - 0.0%)
2024-06-17 18:34:18 - INFO -  Successfully processed  the record ID:348489
2024-06-17 18:34:18 - INFO - Content id : 348489, Meta keywords : ['SUSE Container Update Advisory', 'bci/nodejs', 'Container Release', 'Security Update', 'openssh', 'CVE-2023-38408', 'ssh-agent(1)', 'PKCS#11 support', 'remote code execution', 'file descriptor leaks'], Meta description : SUSE Container Update Advisory for bci/nodejs with security update for openssh and fixes for CVE-2023-38408., Tags : ['Linux-glibc-devel', 'Summary', 'PKCS#11', 'remote code execution']
2024-06-17 18:34:18 - INFO - ******************** Processing ID: 348490 ******************** (9/16917 - 0.1%)
2024-06-17 18:34:22 - INFO -  Successfully processed  the record ID:348490
2024-06-17 18:34:22 - INFO - Content id : 348490, Meta keywords : ['SUSE Container Update Advisory', 'bci/nodejs', 'security update', 'openssh', 'CVE-2023-38408', 'patch', 'container release', 'severity', 'type', 'references'], Meta description : SUSE Container Update Advisory for bci/nodejs with security update for openssh and CVE-2023-38408 patch., Tags : ['vulnerability', 'CVE-2023-38408', 'Container Advisory', 'security update', 'References', 'Type']
2024-06-17 18:34:22 - INFO - ******************** Processing ID: 348491 ******************** (10/16917 - 0.1%)
2024-06-17 18:34:24 - INFO -  Successfully processed  the record ID:348491
2024-06-17 18:34:25 - INFO - Content id : 348491, Meta keywords : ['SUSE Container Update Advisory', 'bci/openjdk-devel', 'security update', 'openssh', 'CVE-2023-38408', 'remote code execution', 'package changes', 'openssh-common', 'openssh-fips', 'openssh-clients'], Meta description : SUSE Container Update Advisory for bci/openjdk-devel and security update for openssh with package changes., Tags : ['Container Advisory', 'Security Update', 'CVE-2023-38408']
2024-06-17 18:34:25 - INFO - ******************** Processing ID: 348492 ******************** (11/16917 - 0.1%)
2024-06-17 18:34:27 - INFO -  Successfully processed  the record ID:348492
2024-06-17 18:34:28 - INFO - Content id : 348492, Meta keywords : ['SUSE Container Update Advisory', 'bci/openjdk-devel', 'security update', 'openssh', 'CVE-2023-38408', 'remote code execution', 'PKCS#11 support', 'file descriptor leaks', 'secrets lingering in memory', 'package changes'], Meta description : SUSE Container Update Advisory for bci/openjdk-devel and security update for openssh, including fixes for CVE-2023-38408 and package changes., Tags : ['vulnerability', 'Container Advisory', 'OpenSSH Update', 'References', 'Security Update']
2024-06-17 18:34:28 - INFO - ******************** Processing ID: 348493 ******************** (12/16917 - 0.1%)
2024-06-17 18:34:29 - INFO -  Successfully processed  the record ID:348493
2024-06-17 18:34:30 - INFO - Content id : 348493, Meta keywords : ['SUSE Container Update Advisory', 'Container Tags', 'Container Release', 'Severity', 'Type', 'References', 'Security update', 'dbus-1', 'perl', 'glibc'], Meta description : SUSE Container Update Advisory for security updates on dbus-1, perl, and glibc, with references to CVEs and severity levels., Tags : ['Debian LTS', 'CVE-2023-38408', 'Container Advisory', 'References', 'Security Update', 'Severity', 'dbus-1']
2024-06-17 18:34:30 - INFO - ******************** Processing ID: 348494 ******************** (13/16917 - 0.1%)
2024-06-17 18:34:32 - INFO -  Successfully processed  the record ID:348494
2024-06-17 18:34:33 - INFO - Content id : 348494, Meta keywords : ['SUSE Container Update Advisory', 'Container Tags', 'Container Release', 'Security Update', 'CVE-2023-38408', 'openssh', 'Package Changes', 'Remote Code Execution', 'SSH Agent', 'File Descriptor Leaks'], Meta description : SUSE Container Update Advisory for bci/python:3-10.20 and openssh security update for CVE-2023-38408., Tags : ['CVE-2023-38408', 'Container Advisory', 'OpenSSH Update', 'References', 'Security Update']
2024-06-17 18:34:33 - INFO - ******************** Processing ID: 348495 ******************** (14/16917 - 0.1%)
2024-06-17 18:34:35 - INFO -  Successfully processed  the record ID:348495
2024-06-17 18:34:36 - INFO - Content id : 348495, Meta keywords : ['SUSE Container Update Advisory', 'bci/ruby', 'security update', 'linux-glibc-devel', 'openssh'], Meta description : SUSE Container Update Advisory for bci/ruby, linux-glibc-devel, and openssh. Security updates and recommended updates included., Tags : ['CVE-2023-38408', 'Advisory', 'Container Advisory', 'Security Update', 'Openssh']
2024-06-17 18:34:36 - INFO - ******************** Processing ID: 348496 ******************** (15/16917 - 0.1%)
2024-06-17 18:34:40 - INFO -  Successfully processed  the record ID:348496
2024-06-17 18:34:40 - INFO - Content id : 348496, Meta keywords : ['Red Hat Security Advisory', 'kernel-rt package', 'security fixes', 'vulnerabilities', 'privilege escalation', 'Real Time Linux Kernel', 'bug fix', 'affected products', 'severity', 'update impact'], Meta description : Red Hat Security Advisory for kernel-rt package update with security fixes for vulnerabilities and bug fix, impacting system stability and performance., Tags : ['CVE-2023-38408', 'Advisory', 'bug fixes', 'Security Update', 'Severity']
2024-06-17 18:34:40 - INFO - ******************** Processing ID: 348497 ******************** (16/16917 - 0.1%)
2024-06-17 18:34:44 - INFO -  Successfully processed  the record ID:348497
2024-06-17 18:34:45 - INFO - Content id : 348497, Meta keywords : ['Red Hat Security Advisory', 'edk2 package', 'Red Hat Enterprise Linux 8.4', 'Advanced Mission Critical Update Support', 'Telecommunications Update Service', 'Update Services for SAP Solutions', 'openssl CVE-2023-0286', 'security update', 'package versions', 'GPG signature details'], Meta description : Important security update for the edk2 package in Red Hat Enterprise Linux 8.4 addressing a security issue related to openssl (CVE-2023-0286)., Tags : ['Container', 'CVE-2023-38408', 'Container Advisory', 'References', 'Security Update']
2024-06-17 18:34:45 - INFO - ******************** Processing ID: 348498 ******************** (17/16917 - 0.1%)
2024-06-17 18:34:51 - INFO -  Successfully processed  the record ID:348498
2024-06-17 18:34:52 - INFO - Content id : 348498, Meta keywords : ['Red Hat Security Advisory', 'kernel security update', 'bug fix update', 'Red Hat Enterprise Linux 8.4', 'RPM packages', 'architecture specifications', 'performance monitoring tools', 'Python 3 performance analysis', 'GPG signed packages', 'Common Vulnerabilities and Exposures'], Meta description : Red Hat Security Advisory for kernel security and bug fix update for Red Hat Enterprise Linux 8.4. Includes RPM packages, architecture specifications, and performance monitoring tools., Tags : ['Update', 'Security Update', 'References', 'Package Changes']
2024-06-17 18:34:52 - INFO - ******************** Processing ID: 348499 ******************** (18/16917 - 0.1%)
2024-06-17 18:34:56 - INFO -  Successfully processed  the record ID:348499
2024-06-17 18:34:57 - INFO - Content id : 348499, Meta keywords : ['Red Hat Security Advisory', 'kpatch-patch update', 'security vulnerabilities', 'CVE-2023-1281', 'CVE-2023-32233', 'privilege escalation', 'package details', 'GPG signed packages', 'Red Hat security updates', 'security policies'], Meta description : Red Hat Security Advisory for kpatch-patch update addressing security vulnerabilities and providing package details. GPG signed packages and security policies included., Tags : ['CVE-2023-38408', 'Red Hat', 'Security Advisory', 'security update', 'Severity']
2024-06-17 18:34:57 - INFO - ******************** Processing ID: 348500 ******************** (19/16917 - 0.1%)
2024-06-17 18:34:58 - INFO -  Successfully processed  the record ID:348500
2024-06-17 18:34:59 - INFO - Content id : 348500, Meta keywords : ['python-git vulnerability', 'Debian LTS Advisory', 'shell injection', 'remote URL injection', 'security tracker page'], Meta description : Debian LTS Advisory DLA-3502-1 for python-git vulnerability CVE-2022-24439. Upgrade your python-git packages to fix shell injection vulnerability., Tags : ['Debian LTS', 'CVE-2023-38408', 'security update', 'remote code execution']
2024-06-17 18:34:59 - INFO - ******************** Processing ID: 348501 ******************** (20/16917 - 0.1%)
2024-06-17 18:35:02 - INFO -  Successfully processed  the record ID:348501
2024-06-17 18:35:03 - INFO - Content id : 348501, Meta keywords : ['graphite-web vulnerabilities', 'Ubuntu security notice', 'server-side request forgery', 'cross site scripting', 'CVE-2017-18638', 'CVE-2022-4728', 'CVE-2022-4729', 'CVE-2022-4730', 'system update', 'package versions'], Meta description : Ubuntu Security Notice USN-6243-1: Graphite-Web vulnerabilities affecting Ubuntu 22.04 LTS, 20.04 LTS, 18.04 LTS, 16.04 LTS, and 14.04 LTS. Update instructions and package information included., Tags : ['Severity', 'CVE-2023-38408', 'package information', 'Security Update']
2024-06-17 18:35:03 - INFO - ******************** Processing ID: 348502 ******************** (21/16917 - 0.1%)
2024-06-17 18:35:05 - INFO -  Successfully processed  the record ID:348502
2024-06-17 18:35:05 - INFO - Content id : 348502, Meta keywords : ['block IP addresses in Linux', 'hosts.allow', 'hosts.deny', 'firewall rules', 'SSH connections', 'suspicious IP address', 'malicious activity', 'sudo privileges', 'terminal window', 'SSH daemon'], Meta description : Learn how to block or allow IP addresses in Linux using hosts.allow and hosts.deny files, and limit SSH connections to specific addresses. No complicated firewall rules needed., Tags : ['SSH security', 'Debian LTS', 'package information']
2024-06-17 18:35:05 - INFO - ******************** Processing ID: 348503 ******************** (22/16917 - 0.1%)
2024-06-17 18:35:07 - INFO -  Successfully processed  the record ID:348503
2024-06-17 18:35:08 - INFO - Content id : 348503, Meta keywords : ['ReDoS bug fixed in Django', 'remotely exploitable security issue', 'Linux security analysis', 'significant security vulnerabilities', 'null pointer dereference flaw', 'use-after-free vulnerabilities', 'out-of-bounds read/write vulnerability', 'National Vulnerability Database severity rating', 'system crashes', 'privilege escalation attacks'], Meta description : Stay updated on critical cybersecurity threats, Linux security analysis, and important system updates to protect against severe vulnerabilities., Tags : ['Debian LTS', 'vulnerabilities', 'package information', 'References', 'security update', 'system update']
2024-06-17 18:35:08 - INFO - ******************** Processing ID: 348504 ******************** (23/16917 - 0.1%)
2024-06-17 18:35:11 - INFO -  Successfully processed  the record ID:348504
