2024-06-17 16:48:22 - INFO - ==================== Total records : 16917 ====================
2024-06-17 16:48:27 - INFO - ******************** Processing ID: 348483 ******************** (2/16917 - 0.0%)
2024-06-17 16:48:30 - INFO -  Successfully processed  the record ID:348483
2024-06-17 16:57:53 - INFO - ==================== Total records : 16917 ====================
2024-06-17 16:59:37 - INFO - ==================== Total records : 16917 ====================
2024-06-17 16:59:48 - INFO - ******************** Processing ID: 348483 ******************** (2/16917 - 0.0%)
2024-06-17 16:59:50 - INFO -  Successfully processed  the record ID:348483
2024-06-17 17:00:01 - INFO - Content id : 348483, Meta keywords : ['Ubuntu Security Notice', 'openssh vulnerability', 'ssh-agent forwarding', 'PKCS#11 providers', 'arbitrary code execution', 'system update', 'CVE-2023-38408', 'security issue', 'remote attacker', 'package versions'], Meta description : Ubuntu Security Notice USN-6242-1: OpenSSH vulnerability affecting Ubuntu 23.04, 22.04 LTS, and 20.04 LTS. Update instructions and package information provided., Tags : ['Security Notice', 'Vulnerability', 'Remote Access', 'Remote Access', 'Arbitrary Code', 'Remote Access', 'Remote Attack', 'Remote Access', 'Security Notice', 'Remote Attack']
2024-06-17 17:00:01 - INFO - ******************** Processing ID: 348484 ******************** (3/16917 - 0.0%)
2024-06-17 17:00:03 - INFO -  Successfully processed  the record ID:348484
2024-06-17 17:00:06 - INFO - Content id : 348484, Meta keywords : ['kernel-firmware', 'security issue', 'AMD microcode', 'use-after-free', 'Tavis Ormandy', 'poc', 'keys and passwords', 'CVE-2023-20593', 'Slackware', 'OSU Open Source Lab'], Meta description : New kernel-firmware packages available for Slackware 14.2, 15.0, and -current to fix a security issue with AMD microcode. Upgrade required for loading new firmware., Tags : ['CVE-2023-20593', 'security issue', 'upgrade', 'Tavis Ormandy', 'upgrade', 'CVE-2023-20593', 'upgrade', 'OSU Open Source Lab', 'upgrade', 'upgrade']
2024-06-17 17:00:06 - INFO - ******************** Processing ID: 348485 ******************** (4/16917 - 0.0%)
2024-06-17 17:00:10 - INFO -  Successfully processed  the record ID:348485
2024-06-17 17:00:10 - INFO - Content id : 348485, Meta keywords : ['zabbix security update', 'openSUSE Backports SLE-15-SP5', 'CVE-2023-29454', 'patch instructions', 'YaST online_update', 'zypper patch', 'package list', 'vulnerabilities', 'software update', 'security advisory'], Meta description : Security update for zabbix in openSUSE Backports SLE-15-SP5, including fixes for CVE-2023-29454 and patch instructions. Recommended installation methods provided., Tags : ['security advisory', 'openSUSE Backports', 'CVE-2023-29454', 'patch instructions', 'security advisory', 'software update', 'security advisory']
2024-06-17 17:00:10 - INFO - ******************** Processing ID: 348486 ******************** (5/16917 - 0.0%)
2024-06-17 17:00:12 - INFO -  Successfully processed  the record ID:348486
2024-06-17 17:00:12 - INFO - Content id : 348486, Meta keywords : ['WordPress vulnerabilities', 'website security', 'cyber attacks', 'WordPress best practices', 'security plugins', 'SQL injection', 'XSS vulnerabilities', 'brute force attacks', 'file upload vulnerabilities', 'content security policy'], Meta description : Learn about WordPress vulnerabilities and best practices to secure your website from cyber attacks., Tags : ['online security', 'website fortification', 'cyber threats', 'security best practices', 'cyber threats', 'data protection', 'website fortification', 'online security', 'online security', 'website fortification']
2024-06-17 17:00:12 - INFO - ******************** Processing ID: 348487 ******************** (6/16917 - 0.0%)
2024-06-17 17:00:15 - INFO -  Successfully processed  the record ID:348487
2024-06-17 17:00:15 - INFO - Content id : 348487, Meta keywords : ['Debian LTS Advisory', 'renderdoc security issues', 'CVE-2023-33863', 'CVE-2023-33864', 'CVE-2023-33865', 'graphics debugging tool', 'integer overflow', 'heap-based buffer overflow', 'symlink vulnerability', 'Debian 10 buster'], Meta description : Debian LTS Advisory DLA-3501-1 for renderdoc security issues and CVE-2023-33863, CVE-2023-33864, CVE-2023-33865. Upgrade your renderdoc packages for Debian 10 buster., Tags : ['security tracker', 'renderdoc', 'CVE', 'symlink vulnerability', 'symlink vulnerability', 'symlink vulnerability', 'symlink vulnerability', 'Debian 10 buster', 'security tracker', 'Debian LTS']
2024-06-17 17:00:15 - INFO - ******************** Processing ID: 348488 ******************** (7/16917 - 0.0%)
2024-06-17 17:00:16 - INFO -  Successfully processed  the record ID:348488
2024-06-17 17:00:16 - INFO - Content id : 348488, Meta keywords : ['SUSE Container Update Advisory', 'Container Tags', 'Container Release', 'Severity', 'Type', 'References', 'Advisory ID', 'Released', 'Summary', 'Security update'], Meta description : SUSE Container Update Advisory: bci/golang, linux-glibc-devel, openssh - Security and recommended updates for containers and packages., Tags : ['Container Update', 'Security Advisory', 'Package Update', 'Container Release', 'Severity Level']
2024-06-17 17:00:16 - INFO - ******************** Processing ID: 348489 ******************** (8/16917 - 0.0%)
2024-06-17 17:00:18 - INFO -  Successfully processed  the record ID:348489
2024-06-17 17:00:18 - INFO - Content id : 348489, Meta keywords : ['SUSE Container Update Advisory', 'Container Tags', 'Container Release', 'Security Update', 'CVE-2023-38408', 'openssh', 'Remote Code Execution', 'PKCS#11', 'Filedescriptor Leaks', 'Memory Management'], Meta description : SUSE Container Update Advisory for bci/nodejs, including security updates for openssh and fixes for CVE-2023-38408., Tags : ['Container Advisory', 'Security Update', 'CVE-2023-38408', 'openssh', 'Remote Code Execution']
2024-06-17 17:00:18 - INFO - ******************** Processing ID: 348490 ******************** (9/16917 - 0.1%)
2024-06-17 17:00:20 - INFO -  Successfully processed  the record ID:348490
2024-06-17 17:00:20 - INFO - Content id : 348490, Meta keywords : ['SUSE Container Update Advisory', 'bci/nodejs', 'security update', 'openssh', 'CVE-2023-38408', 'remote code execution', 'package changes', 'openssh-common', 'openssh-fips', 'openssh-clients'], Meta description : SUSE Container Update Advisory for bci/nodejs, including a security update for openssh and package changes., Tags : ['Container Advisory', 'Security Update', 'CVE-2023-38408', 'Package Changes', 'CVE-2023-38408', 'openssh']
2024-06-17 17:00:20 - INFO - ******************** Processing ID: 348491 ******************** (10/16917 - 0.1%)
2024-06-17 17:00:22 - INFO -  Successfully processed  the record ID:348491
2024-06-17 17:00:22 - INFO - Content id : 348491, Meta keywords : ['SUSE Container Update Advisory', 'bci/openjdk-devel', 'security update', 'openssh', 'CVE-2023-38408', 'remote code execution', 'PKCS#11 support', 'file descriptor leaks', 'secrets lingering in memory', 'package changes'], Meta description : SUSE Container Update Advisory for bci/openjdk-devel and security update for openssh, including fixes for CVE-2023-38408 and package changes., Tags : ['Container Update', 'Security Advisory', 'OpenSSH Update', 'Vulnerability Fix', 'Package Changes']
2024-06-17 17:00:22 - INFO - ******************** Processing ID: 348492 ******************** (11/16917 - 0.1%)
2024-06-17 17:00:24 - INFO -  Successfully processed  the record ID:348492
2024-06-17 17:00:24 - INFO - Content id : 348492, Meta keywords : ['SUSE Container Update Advisory', 'bci/openjdk-devel', 'security update', 'openssh', 'CVE-2023-38408', 'remote code execution', 'libaries loaded', 'ssh-agent(1)', 'PKCS#11 support', 'file descriptor leaks'], Meta description : SUSE Container Update Advisory for bci/openjdk-devel and security update for openssh, addressing CVE-2023-38408 and remote code execution., Tags : ['Container Update', 'Security Advisory', 'OpenSSH Update', 'CVE-2023-38408', 'Remote Code Execution']
2024-06-17 17:00:24 - INFO - ******************** Processing ID: 348493 ******************** (12/16917 - 0.1%)
2024-06-17 17:00:25 - INFO -  Successfully processed  the record ID:348493
2024-06-17 17:00:25 - ERROR - Process records ERROR : n_samples=4 should be >= n_clusters=5. Record_id: 348493
2024-06-17 17:00:25 - INFO - ******************** Processing ID: 348494 ******************** (13/16917 - 0.1%)
2024-06-17 17:00:27 - INFO -  Successfully processed  the record ID:348494
2024-06-17 17:00:27 - INFO - Content id : 348494, Meta keywords : ['SUSE Container Update Advisory', 'Container Tags', 'Container Release', 'Security Update', 'CVE-2023-38408', 'openssh', 'Package Changes', 'bci/python', 'Severity', 'Type'], Meta description : SUSE Container Update Advisory for bci/python:3-10.20 and openssh security update with important severity., Tags : ['Advisory', 'Container', 'Update', 'Severity', 'Update', 'openssh', 'Update', 'Update', 'Update', 'Update']
2024-06-17 17:00:27 - INFO - ******************** Processing ID: 348495 ******************** (14/16917 - 0.1%)
2024-06-17 17:00:28 - INFO -  Successfully processed  the record ID:348495
2024-06-17 17:00:28 - ERROR - Process records ERROR : n_samples=4 should be >= n_clusters=5. Record_id: 348495
2024-06-17 17:00:28 - INFO - ******************** Processing ID: 348496 ******************** (15/16917 - 0.1%)
2024-06-17 17:00:33 - INFO -  Successfully processed  the record ID:348496
2024-06-17 17:00:33 - INFO - Content id : 348496, Meta keywords : ['Red Hat Security Advisory', 'kernel-rt update', 'CVE-2023-1281', 'CVE-2023-32233', 'Real-Time computing', 'virtualization', 'GPG signed packages', 'RHSA-announce mailing list', 'security impact Important'], Meta description : Red Hat Security Advisory for kernel-rt security and bug fix update for Red Hat Enterprise Linux 8.4, including CVE fixes and package lists., Tags : ['Security Advisory', 'Kernel-rt update', 'GPG signed packages', 'Kernel-rt update', 'Virtualization', 'CVE fixes', 'Kernel-rt update']
2024-06-17 17:00:33 - INFO - ******************** Processing ID: 348497 ******************** (16/16917 - 0.1%)
2024-06-17 17:00:36 - INFO -  Successfully processed  the record ID:348497
2024-06-17 17:00:36 - INFO - Content id : 348497, Meta keywords : ['security update', 'edk2 package', 'Red Hat Enterprise Linux', 'CVE page', 'security fix', 'applying the update', 'package list', 'affected packages', 'GPG signing', 'RHSA-announce mailing list'], Meta description : Security update for edk2 package in Red Hat Enterprise Linux, including details on security impact, relevant releases/architectures, and applying the update., Tags : ['security fix', 'Red Hat Enterprise Linux', 'CVE page', 'security fix', 'package list', 'GPG signing', 'GPG signing', 'GPG signing']
2024-06-17 17:00:36 - INFO - ******************** Processing ID: 348498 ******************** (17/16917 - 0.1%)
2024-06-17 17:00:39 - INFO -  Successfully processed  the record ID:348498
2024-06-17 17:00:39 - INFO - Content id : 348498, Meta keywords : ['Red Hat Enterprise Linux 8.4', 'kernel update', 'security advisory', 'CVEs', 'bug fixes', 'RPM packages', 'architecture-specific packages', 'performance analysis tools', 'GPG signatures', 'security updates'], Meta description : Security advisory for Red Hat Enterprise Linux 8.4, including kernel update, security fixes for CVEs, bug fixes, and RPM packages., Tags : ['Security advisory', 'Kernel update', 'RPM packages', 'Architecture-specific packages', 'Performance analysis tools']
2024-06-17 17:00:39 - INFO - ******************** Processing ID: 348499 ******************** (18/16917 - 0.1%)
2024-06-17 17:00:43 - INFO -  Successfully processed  the record ID:348499
2024-06-17 17:00:43 - INFO - Content id : 348499, Meta keywords : ['kpatch-patch update', 'Red Hat Enterprise Linux 8.4', 'CVE-2023-1281', 'CVE-2023-32233', 'privilege escalation', 'RPM packages', 'GPG signed', 'security updates', 'Common Vulnerabilities and Exposures', 'Red Hat Security Advisories'], Meta description : Security advisory for kpatch-patch update addressing important security issues, including CVE-2023-1281 and CVE-2023-32233, leading to privilege escalation., Tags : ['Security advisory', 'RPM packages', 'GPG signed', 'Common Vulnerabilities and Exposures', 'Red Hat Security Advisories']
2024-06-17 17:00:43 - INFO - ******************** Processing ID: 348500 ******************** (19/16917 - 0.1%)
2024-06-17 17:00:44 - INFO -  Successfully processed  the record ID:348500
2024-06-17 17:00:44 - INFO - Content id : 348500, Meta keywords : ['Debian LTS Advisory', 'python-git vulnerability', 'shell injection', 'remote URL injection', 'security tracker page'], Meta description : Debian LTS Advisory DLA-3502-1 for python-git vulnerability CVE-2022-24439. Upgrade your python-git packages to fix shell injection vulnerability., Tags : ['Debian LTS', 'python-git vulnerability', 'shell injection', 'remote URL injection', 'security tracker']
2024-06-17 17:00:45 - INFO - ******************** Processing ID: 348501 ******************** (20/16917 - 0.1%)
2024-06-17 17:00:47 - INFO -  Successfully processed  the record ID:348501
2024-06-17 17:00:47 - INFO - Content id : 348501, Meta keywords : ['graphite-web vulnerabilities', 'Ubuntu Security Notice', 'server-side request forgery', 'cross site scripting', 'CVE-2017-18638', 'CVE-2022-4728', 'CVE-2022-4729', 'CVE-2022-4730', 'system update', 'package versions'], Meta description : Ubuntu Security Notice USN-6243-1: graphite-web vulnerabilities fixed in Ubuntu 22.04 LTS, 20.04 LTS, 18.04 LTS, 16.04 LTS, and 14.04 LTS. Update instructions and package information provided., Tags : ['Security Notice', 'Vulnerabilities', 'System Update', 'System Update', 'CVE', 'Graphite-Web']
2024-06-17 17:00:47 - INFO - ******************** Processing ID: 348502 ******************** (21/16917 - 0.1%)
2024-06-17 17:00:48 - INFO -  Successfully processed  the record ID:348502
2024-06-17 17:00:48 - ERROR - Process records ERROR : n_samples=3 should be >= n_clusters=5. Record_id: 348502
2024-06-17 17:00:48 - INFO - ******************** Processing ID: 348503 ******************** (22/16917 - 0.1%)
2024-06-17 17:00:50 - INFO -  Successfully processed  the record ID:348503
2024-06-17 17:00:50 - INFO - Content id : 348503, Meta keywords : ['ReDoS bug fixed in Django', 'remotely exploitable security issue', 'Linux security analysis', 'significant security vulnerabilities', 'null pointer dereference flaw', 'use-after-free vulnerabilities', 'out-of-bounds read/write vulnerability', 'National Vulnerability Database severity rating', 'system crashes', 'privilege escalation attacks'], Meta description : Stay updated on critical cybersecurity threats, Linux security analysis, and essential system updates to protect against severe vulnerabilities., Tags : ['distro releases', 'firewall security', 'system downtime', 'distro releases', 'distro releases', 'firewall security', 'Django updates', 'Bind updates', 'distro releases', 'system downtime']
2024-06-17 17:00:50 - INFO - ******************** Processing ID: 348504 ******************** (23/16917 - 0.1%)
2024-06-17 17:00:52 - INFO -  Successfully processed  the record ID:348504
2024-06-17 17:00:52 - INFO - Content id : 348504, Meta keywords : ['Ubuntu security notice', 'python-django vulnerability', 'Django resource consumption', 'Ubuntu 18.04 LTS', 'ESM update'], Meta description : Ubuntu Security Notice USN-6203-2: Python-Django vulnerability affecting Ubuntu 18.04 LTS. Update available for ESM., Tags : ['Security notice', 'Vulnerability', 'Resource consumption', 'ESM update', 'Python-Django']
2024-06-17 17:00:52 - INFO - ******************** Processing ID: 348505 ******************** (24/16917 - 0.1%)
2024-06-17 17:00:54 - INFO -  Successfully processed  the record ID:348505
2024-06-17 17:00:54 - INFO - Content id : 348505, Meta keywords : ['Ubuntu security notice', 'avahi vulnerability', 'Ubuntu 18.04 LTS', 'Ubuntu 16.04 LTS', 'Ubuntu 14.04 LTS', 'DBus traffic', 'IPv4LL network address configuration daemon', 'denial of service', 'system update', 'CVE-2023-1981'], Meta description : Ubuntu Security Notice USN-6129-2 addresses a vulnerability in Avahi affecting Ubuntu 18.04 LTS, Ubuntu 16.04 LTS, and Ubuntu 14.04 LTS. Update instructions provided., Tags : ['Security notice', 'Security notice', 'Ubuntu LTS', 'DBus', 'Network address configuration', 'Denial of service', 'Network address configuration', 'CVE']
2024-06-17 17:00:54 - INFO - ******************** Processing ID: 348506 ******************** (25/16917 - 0.1%)
2024-06-17 17:00:55 - INFO -  Successfully processed  the record ID:348506
2024-06-17 17:00:55 - INFO - Content id : 348506, Meta keywords : ['Ubuntu security notice', 'amd64-microcode vulnerability', 'AMD processors', 'speculative execution vulnerability', 'Tavis Ormandy'], Meta description : Ubuntu Security Notice USN-6244-1 amd64-microcode vulnerability affecting Ubuntu 23.04, 22.04 LTS, 20.04 LTS, 18.04 LTS, and 16.04 LTS., Tags : ['Security notice', 'Vulnerability', 'AMD processors', 'Speculative execution', 'Tavis Ormandy']
2024-06-17 17:00:55 - INFO - ******************** Processing ID: 348507 ******************** (26/16917 - 0.2%)
2024-06-17 17:00:57 - INFO -  Successfully processed  the record ID:348507
2024-06-17 17:00:57 - INFO - Content id : 348507, Meta keywords : ['SUSE Container Update Advisory', 'Container Tags', 'Container Release', 'Security Update', 'CVE-2023-38408', 'openssh', 'Package Changes', 'bci/python', 'Severity', 'Type'], Meta description : SUSE Container Update Advisory for bci/python:3-8.23 and openssh security update with package changes., Tags : ['Advisory', 'Container', 'Advisory', 'openssh', 'Container', 'openssh', 'Container', 'Container', 'Severity', 'Type']
2024-06-17 17:00:57 - INFO - ******************** Processing ID: 348508 ******************** (27/16917 - 0.2%)
2024-06-17 17:00:59 - INFO -  Successfully processed  the record ID:348508
2024-06-17 17:00:59 - INFO - Content id : 348508, Meta keywords : ['Ubuntu security notice', 'openstack-trove vulnerabilities', 'database as a service', 'system update', 'arbitrary code execution'], Meta description : Ubuntu Security Notice USN-6245-1: openstack-trove vulnerabilities affecting Ubuntu 22.04 LTS. Update system to fix python3-trove package., Tags : ['Security notice', 'Vulnerabilities', 'Database service', 'System update', 'Arbitrary code execution']
2024-06-17 17:00:59 - INFO - ******************** Processing ID: 348509 ******************** (28/16917 - 0.2%)
2024-06-17 17:01:01 - INFO -  Successfully processed  the record ID:348509
2024-06-17 17:01:01 - INFO - Content id : 348509, Meta keywords : ['Debian LTS Advisory', 'iperf3', 'memory allocation issue', 'denial of service', 'TCP packets', 'security status', 'security tracker page', 'Debian LTS security advisories', 'system updates', 'frequently asked questions'], Meta description : Debian LTS Advisory DLA-3506-1 for iperf3 version 3.6-2+deb10u1 addresses a memory allocation issue causing denial of service in TCP packets. Upgrade recommended. Learn more about Debian LTS security advisories and system updates., Tags : ['Debian LTS', 'iperf3', 'memory allocation', 'denial of service', 'TCP packets', 'memory allocation', 'memory allocation', 'memory allocation', 'frequently asked questions']
2024-06-17 17:01:01 - INFO - ******************** Processing ID: 348510 ******************** (29/16917 - 0.2%)
2024-06-17 17:01:03 - INFO -  Successfully processed  the record ID:348510
2024-06-17 17:01:03 - INFO - Content id : 348510, Meta keywords : ['Debian LTS Advisory', 'gst-plugins-good1.0', 'vulnerabilities', 'GStreamer media framework', 'codecs', 'demuxers', 'security status', 'system updates', 'frequently asked questions'], Meta description : Debian LTS Advisory DLA-3505-1 for gst-plugins-good1.0, addressing multiple vulnerabilities in GStreamer media framework. Update your system for security., Tags : ['Debian LTS', 'security updates', 'GStreamer', 'security updates', 'security updates', 'demuxers', 'security updates', 'system maintenance', 'FAQs']
2024-06-17 17:01:03 - INFO - ******************** Processing ID: 348511 ******************** (30/16917 - 0.2%)
2024-06-17 17:01:06 - INFO -  Successfully processed  the record ID:348511
2024-06-17 17:01:06 - INFO - Content id : 348511, Meta keywords : ['Debian LTS Advisory', 'gst-plugins-bad1.0', 'vulnerabilities', 'GStreamer media framework', 'codecs', 'demuxers', 'security status', 'security advisories', 'system updates', 'frequently asked questions'], Meta description : Debian LTS Advisory DLA-3503-1 for gst-plugins-bad1.0, addressing multiple vulnerabilities in GStreamer media framework and its codecs and demuxers. Upgrade recommended., Tags : ['Debian security', 'system security', 'security updates', 'codecs', 'demuxers', 'security updates', 'system security', 'media framework', 'Debian security', 'security updates']
2024-06-17 17:01:06 - INFO - ******************** Processing ID: 348512 ******************** (31/16917 - 0.2%)
2024-06-17 17:01:08 - INFO -  Successfully processed  the record ID:348512
2024-06-17 17:01:08 - INFO - Content id : 348512, Meta keywords : ['Debian LTS Advisory', 'gst-plugins-base1.0', 'vulnerabilities', 'GStreamer media framework', 'codecs', 'demuxers', 'security status', 'security tracker page', 'system updates', 'frequently asked questions'], Meta description : Debian LTS Advisory DLA-3504-1 for gst-plugins-base1.0, addressing multiple vulnerabilities in GStreamer media framework and its codecs and demuxers. Upgrade recommended., Tags : ['Advisory', 'Security Status', 'GStreamer', 'Codecs', 'Demuxers', 'Security Status', 'Codecs', 'FAQs']
2024-06-17 17:01:08 - INFO - ******************** Processing ID: 348513 ******************** (32/16917 - 0.2%)
2024-06-17 17:01:09 - INFO -  Successfully processed  the record ID:348513
2024-06-17 17:01:09 - INFO - Content id : 348513, Meta keywords : ['Debian Security Advisory', 'OpenJDK Java runtime', 'vulnerabilities', 'sandbox restrictions', 'information disclosure', 'cryptographic strength', 'AES implementation', 'directory traversal', 'denial of service'], Meta description : Discover vulnerabilities in OpenJDK Java runtime, bypass sandbox restrictions, information disclosure, reduced cryptographic strength, directory traversal, denial of service. Upgrade openjdk-17 packages., Tags : ['Debian Security Advisory', 'OpenJDK Java runtime', 'cryptographic strength', 'sandbox restrictions', 'cryptographic strength', 'cryptographic strength', 'sandbox restrictions', 'denial of service']
2024-06-17 17:01:09 - INFO - ******************** Processing ID: 348514 ******************** (33/16917 - 0.2%)
2024-06-17 17:01:12 - INFO -  Successfully processed  the record ID:348514
2024-06-17 17:01:12 - INFO - Content id : 348514, Meta keywords : ['Debian LTS Advisory', 'pandoc vulnerabilities', 'arbitrary file write', 'CVE-2023-35936', 'CVE-2023-38745', 'Debian 10 buster', 'security tracker page', 'Debian LTS security advisories', 'system updates', 'frequently asked questions'], Meta description : Debian LTS Advisory DLA-3507-1 for pandoc vulnerabilities, including arbitrary file write CVE-2023-35936 and CVE-2023-38745. Update your system for security., Tags : ['pandoc', 'security tracker', 'security tracker', 'Debian LTS', 'Debian LTS', 'CVE-2023-38745', 'CVE-2023-38745', 'Debian 10 buster', 'security tracker', 'security tracker']
2024-06-17 17:01:12 - INFO - ******************** Processing ID: 348515 ******************** (34/16917 - 0.2%)
2024-06-17 17:01:16 - INFO -  Successfully processed  the record ID:348515
2024-06-17 17:01:16 - INFO - Content id : 348515, Meta keywords : ['Red Hat Security Advisory', 'DevWorkspace Operator', 'CVE-2020-24736', 'CVE-2023-1667', 'CVE-2023-2283', 'CVE-2023-3089', 'CVE-2023-26604', 'security fix', 'bug fixes', 'JIRA issues'], Meta description : Red Hat Security Advisory for DevWorkspace Operator addressing multiple CVEs and providing security fixes, bug fixes, and JIRA issues., Tags : ['Security Advisory', 'DevWorkspace Operator', 'DevWorkspace Operator', 'Security Advisory', 'Security Advisory', 'Email Address', 'Red Hat', 'Announcement', 'Email Address', 'DevWorkspace Operator']
2024-06-17 17:01:16 - INFO - ******************** Processing ID: 348516 ******************** (35/16917 - 0.2%)
2024-06-17 17:01:17 - INFO -  Successfully processed  the record ID:348516
2024-06-17 17:01:17 - INFO - Content id : 348516, Meta keywords : ['Debian Security Advisory', 'amd64-microcode', 'CVE-2023-20593', 'Tavis Ormandy', 'Zen 2 CPUs', 'AMD advisory', 'EPYC CPUs', 'microcode release', 'security tracker page', 'system updates'], Meta description : Debian Security Advisory DSA-5459-1 for amd64-microcode, CVE-2023-20593, and Zen 2 CPUs. Update your system for security., Tags : ['Security Advisory', 'CPU Security Flaw', 'Microcode Update', 'System Maintenance', 'AMD CPUs', 'CPU Security Flaw', 'Microcode Update', 'System Maintenance', 'Security Advisory', 'System Maintenance']
2024-06-17 17:01:17 - INFO - ******************** Processing ID: 348517 ******************** (36/16917 - 0.2%)
2024-06-17 17:01:19 - INFO -  Successfully processed  the record ID:348517
2024-06-17 17:01:19 - ERROR - Process records ERROR : n_samples=4 should be >= n_clusters=5. Record_id: 348517
2024-06-17 17:01:19 - INFO - ******************** Processing ID: 348518 ******************** (37/16917 - 0.2%)
2024-06-17 17:01:21 - INFO -  Successfully processed  the record ID:348518
2024-06-17 17:01:21 - INFO - Content id : 348518, Meta keywords : ['Ubuntu Security Notice', 'Linux kernel vulnerabilities', 'linux-oem-5.17', 'security issues', 'denial of service', 'firewall filtering', 'use-after-free vulnerability', 'system crash', 'arbitrary code execution'], Meta description : Ubuntu Security Notice USN-6247-1: Linux kernel vulnerabilities in linux-oem-5.17 affecting Ubuntu 22.04 LTS. Update instructions included., Tags : ['Security Notice', 'Kernel Vulnerabilities', 'System Update', 'Kernel Vulnerabilities', 'Security Notice', 'Firewall Filtering', 'Use-after-free', 'Security Notice']
2024-06-17 17:01:21 - INFO - ******************** Processing ID: 348519 ******************** (38/16917 - 0.2%)
2024-06-17 17:01:22 - INFO -  Successfully processed  the record ID:348519
2024-06-17 17:01:22 - ERROR - Process records ERROR : n_samples=3 should be >= n_clusters=5. Record_id: 348519
2024-06-17 17:01:22 - INFO - ******************** Processing ID: 348520 ******************** (39/16917 - 0.2%)
2024-06-17 17:01:25 - INFO -  Successfully processed  the record ID:348520
2024-06-17 17:01:25 - INFO - Content id : 348520, Meta keywords : ['Ubuntu Security Notice', 'Linux kernel vulnerabilities', 'Cloud system security', 'Hardware platform security', 'Kernel updates', 'System compatibility', 'Security patches', 'CVEs', 'Launchpad packages'], Meta description : Addressing security vulnerabilities in Ubuntu 22.04 LTS and 20.04 LTS kernel updates for cloud and hardware platforms., Tags : ['Security vulnerabilities', 'Kernel updates', 'System compatibility', 'Hardware platforms', 'Hardware platforms', 'CVEs', 'Hardware platforms']
2024-06-17 17:01:25 - INFO - ******************** Processing ID: 348521 ******************** (40/16917 - 0.2%)
2024-06-17 17:01:29 - INFO -  Successfully processed  the record ID:348521
2024-06-17 17:01:29 - INFO - Content id : 348521, Meta keywords : ['Linux kernel vulnerabilities', 'Cloud system vulnerabilities', 'Ubuntu security notice', 'System update instructions', 'Package versions', 'Reboot instructions', 'CVE information', 'Security notices', 'Out-of-bounds write vulnerabilities', 'Use-after-free vulnerabilities'], Meta description : Ubuntu Security Notice USN-6250-1 reports multiple vulnerabilities in the Linux kernel and its derivatives for cloud systems, providing update instructions and CVE information., Tags : ['Kernel vulnerabilities', 'Cloud system security', 'System update', 'Package versions', 'CVE information']
2024-06-17 17:01:29 - INFO - ******************** Processing ID: 348522 ******************** (41/16917 - 0.2%)
2024-06-17 17:01:31 - INFO -  Successfully processed  the record ID:348522
2024-06-17 17:01:31 - INFO - Content id : 348522, Meta keywords : ['389 Directory Server', 'LDAPv3 compliant server', 'server administration', 'Fedora 38', '389-ds-base'], Meta description : Update for 389 Directory Server (base) on Fedora 38, version 2.3.5-1.fc38, with various bug fixes and improvements., Tags : ['LDAP', 'Server Administration', 'Fedora Update', 'Security Patch', 'Bug Fixes']
2024-06-17 17:01:31 - INFO - ******************** Processing ID: 348523 ******************** (42/16917 - 0.2%)
