2024-06-17 18:24:57 - INFO - ==================== Total records : 16917 ====================
2024-06-17 18:24:57 - INFO - ******************** Processing ID: 348483 ******************** (2/16917 - 0.0%)
2024-06-17 18:24:59 - INFO -  Successfully processed  the record ID:348483
2024-06-17 18:24:59 - INFO - Content id : 348483, Meta keywords : ['Ubuntu security notice', 'OpenSSH vulnerability', 'SSH security', 'PKCS#11 providers', 'Remote code execution'], Meta description : OpenSSH vulnerability affecting Ubuntu 23.04, 22.04 LTS, and 20.04 LTS. Update instructions and package information provided., Tags : ['Security notice', 'SSH vulnerability', 'Remote code execution', 'System update', 'Package information']
2024-06-17 18:24:59 - INFO - ******************** Processing ID: 348484 ******************** (3/16917 - 0.0%)
2024-06-17 18:25:02 - INFO -  Successfully processed  the record ID:348484
2024-06-17 18:25:02 - INFO - Content id : 348484, Meta keywords : ['kernel-firmware', 'security issue', 'AMD microcode', 'use-after-free', 'Tavis Ormandy', 'virtual machines', 'operating systems', 'poc', 'CVE-2023-20593'], Meta description : New kernel-firmware packages available for Slackware 14.2, 15.0, and -current to fix a security issue with AMD microcode. Upgrade required for all systems., Tags : ['Slackware', 'CVE-2023-20593', 'security', 'AMD microcode', 'operating systems', 'Tavis Ormandy', 'CVE-2023-20593']
2024-06-17 18:25:02 - INFO - ******************** Processing ID: 348485 ******************** (4/16917 - 0.0%)
2024-06-17 18:25:08 - INFO -  Successfully processed  the record ID:348485
2024-06-17 18:25:08 - INFO - Content id : 348485, Meta keywords : ['zabbix security update', 'openSUSE Backports', 'SLE-15-SP4', 'SLE-15-SP5', 'vulnerability fix', 'patch instructions', 'package versions', 'platform support', 'CVE-2023-29454'], Meta description : Security update for zabbix in openSUSE Backports SLE-15-SP4 and SLE-15-SP5, addressing CVE-2023-29454 and introducing new features. Includes patch instructions and package versions., Tags : ['Security notice', 'Security notice', 'package versions', 'package versions', 'platform support']
2024-06-17 18:25:08 - INFO - ******************** Processing ID: 348486 ******************** (5/16917 - 0.0%)
2024-06-17 18:25:11 - INFO -  Successfully processed  the record ID:348486
2024-06-17 18:25:11 - INFO - Content id : 348486, Meta keywords : ['WordPress vulnerabilities', 'website security', 'cyber attacks', 'WordPress best practices', 'security plugins', 'SQL injection', 'XSS vulnerabilities', 'brute force attacks', 'file upload vulnerabilities', 'content security policy'], Meta description : Learn about common WordPress vulnerabilities and best practices to secure your website from cyber attacks., Tags : ['cybersecurity threats', 'platform support', 'cybersecurity threats', 'cybersecurity threats', 'web vulnerability management']
2024-06-17 18:25:11 - INFO - ******************** Processing ID: 348487 ******************** (6/16917 - 0.0%)
2024-06-17 18:25:13 - INFO -  Successfully processed  the record ID:348487
2024-06-17 18:25:13 - INFO - Content id : 348487, Meta keywords : ['Debian LTS Advisory', 'renderdoc security issues', 'CVE-2023-33863', 'CVE-2023-33864', 'CVE-2023-33865', 'graphics debugging tool', 'heap-based buffer overflow', 'symlink vulnerability', 'Debian 10 buster', 'security tracker page'], Meta description : Debian LTS Advisory DLA-3501-1 for renderdoc security issues including CVE-2023-33863, CVE-2023-33864, and CVE-2023-33865. Upgrade your renderdoc packages for Debian 10 buster., Tags : ['cybersecurity threats', 'renderdoc', 'CVE-2023-33864', 'CVE-2023-33864', 'CVE-2023-33864', 'Debian 10 buster', 'cybersecurity threats', 'buffer overflow', 'buffer overflow', 'symlink vulnerability']
2024-06-17 18:25:13 - INFO - ******************** Processing ID: 348488 ******************** (7/16917 - 0.0%)
2024-06-17 18:25:15 - INFO -  Successfully processed  the record ID:348488
2024-06-17 18:25:16 - INFO - Content id : 348488, Meta keywords : ['SUSE Container Update Advisory', 'Container Tags', 'Container Release', 'Severity', 'Type', 'References', 'Advisory ID', 'Released', 'Summary', 'Type', 'Severity', 'References', 'Security update', 'openssh', 'linux-glibc-devel', 'CVE-2023-38408'], Meta description : SUSE Container Update Advisory for bci/golang, linux-glibc-devel, and openssh. Security updates and recommended updates released for important and moderate severity issues., Tags : ['Container Update', 'Container Update', 'Container Update', 'Severity', 'Container Update', 'Severity', 'CVE-2023-33864', 'openssh', 'CVE-2023-33864']
2024-06-17 18:25:16 - INFO - ******************** Processing ID: 348489 ******************** (8/16917 - 0.0%)
2024-06-17 18:25:18 - INFO -  Successfully processed  the record ID:348489
2024-06-17 18:25:18 - INFO - Content id : 348489, Meta keywords : ['SUSE Container Update Advisory', 'bci/nodejs', 'Container Release', 'Security Update', 'CVE-2023-38408', 'openssh', 'ssh-agent', 'remote code execution', 'file descriptor leaks', 'memory security'], Meta description : SUSE Container Update Advisory for bci/nodejs with security updates for openssh and fixes for CVE-2023-38408., Tags : ['Tavis Ormandy', 'Tavis Ormandy', 'CVE-2023-38408', 'openssh', 'CVE-2023-38408', 'Container Update', 'Container Update', 'Tavis Ormandy', 'Container Update', 'CVE-2023-38408']
2024-06-17 18:25:18 - INFO - ******************** Processing ID: 348490 ******************** (9/16917 - 0.1%)
2024-06-17 18:25:22 - INFO -  Successfully processed  the record ID:348490
2024-06-17 18:25:22 - INFO - Content id : 348490, Meta keywords : ['SUSE Container Update Advisory', 'Container Tags', 'Container Release', 'Security Update', 'CVE-2023-38408', 'openssh', 'PKCS#11 support', 'remote code execution', 'file descriptor leaks', 'memory management'], Meta description : SUSE Container Update Advisory for bci/nodejs, including security updates for openssh and fixes for CVE-2023-38408., Tags : ['Container Release', 'Container Release', 'Container Release', 'Security Update', 'CVE-2023-38408', 'openssh', 'platform support', 'Remote Code Execution', 'buffer overflow', 'platform support']
2024-06-17 18:25:22 - INFO - ******************** Processing ID: 348491 ******************** (10/16917 - 0.1%)
2024-06-17 18:25:24 - INFO -  Successfully processed  the record ID:348491
2024-06-17 18:25:25 - INFO - Content id : 348491, Meta keywords : ['SUSE Container Update Advisory', 'bci/openjdk-devel', 'security update', 'openssh', 'CVE-2023-38408', 'remote code execution', 'PKCS#11 support', 'file descriptor leaks', 'secrets lingering in memory', 'package changes'], Meta description : SUSE Container Update Advisory for bci/openjdk-devel and security update for openssh, including fixes for CVE-2023-38408 and package changes., Tags : ['Container Update', 'Security Advisory', 'OpenSSH Update', 'CVE-2023-38408', 'Package Changes']
2024-06-17 18:25:25 - INFO - ******************** Processing ID: 348492 ******************** (11/16917 - 0.1%)
2024-06-17 18:25:27 - INFO -  Successfully processed  the record ID:348492
2024-06-17 18:25:28 - INFO - Content id : 348492, Meta keywords : ['SUSE Container Update Advisory', 'bci/openjdk-devel', 'security update', 'openssh', 'CVE-2023-38408', 'remote code execution', 'PKCS#11 support', 'file descriptor leaks', 'secrets lingering in memory', 'package changes'], Meta description : SUSE Container Update Advisory for bci/openjdk-devel and security update for openssh with package changes., Tags : ['Package Changes', 'Security Update', 'CVE-2023-38408', 'Remote Code Execution', 'Package Changes']
2024-06-17 18:25:28 - INFO - ******************** Processing ID: 348493 ******************** (12/16917 - 0.1%)
2024-06-17 18:25:31 - INFO -  Successfully processed  the record ID:348493
2024-06-17 18:25:31 - INFO - Content id : 348493, Meta keywords : ['SUSE Container Update Advisory', 'Container Tags', 'Container Release', 'Severity', 'Type', 'References', 'Security update', 'dbus-1', 'perl', 'glibc'], Meta description : SUSE Container Update Advisory for security updates on dbus-1, perl, and glibc, addressing important and moderate severity issues., Tags : ['Container Advisory', 'cybersecurity threats', 'Security Update', 'Severity', 'References', 'CVE-2023-38408', 'CVE-2023-38408', 'CVE-2023-38408', 'dbus-1', 'Severity', 'Severity', 'lvm2', 'curl', 'Security Update', 'Security Update']
2024-06-17 18:25:31 - INFO - ******************** Processing ID: 348494 ******************** (13/16917 - 0.1%)
2024-06-17 18:25:34 - INFO -  Successfully processed  the record ID:348494
2024-06-17 18:25:34 - INFO - Content id : 348494, Meta keywords : ['SUSE Container Update Advisory', 'Container Tags', 'Container Release', 'Security Update', 'CVE-2023-38408', 'openssh', 'PKCS#11 support', 'remote code execution', 'file descriptor leaks', 'memory management'], Meta description : SUSE Container Update Advisory for bci/python:3-10.20 and Security update for openssh with important severity., Tags : ['Container Advisory', 'Container Release', 'Container Release', 'Security Update', 'CVE-2023-38408', 'openssh', 'PKCS#11 support', 'Remote Code Execution', 'file descriptor leaks', 'PKCS#11 support']
2024-06-17 18:25:34 - INFO - ******************** Processing ID: 348495 ******************** (14/16917 - 0.1%)
2024-06-17 18:25:36 - INFO -  Successfully processed  the record ID:348495
2024-06-17 18:25:36 - INFO - Content id : 348495, Meta keywords : ['SUSE Container Update Advisory', 'bci/ruby', 'security update', 'openssh', 'linux-glibc-devel'], Meta description : SUSE Container Update Advisory for bci/ruby, security update for openssh, and linux-glibc-devel fixes., Tags : ['Container Release', 'Security Update', 'CVE-2023-38408']
2024-06-17 18:25:36 - INFO - ******************** Processing ID: 348496 ******************** (15/16917 - 0.1%)
2024-06-17 18:25:41 - INFO -  Successfully processed  the record ID:348496
2024-06-17 18:25:41 - INFO - Content id : 348496, Meta keywords : ['Red Hat Security Advisory', 'kernel-rt update', 'Red Hat Enterprise Linux 8.4', 'security vulnerabilities', 'bug fixes', 'RPM packages', 'GPG signed', 'Common Vulnerabilities and Exposures', 'security updates classification', 'RHSA-announce mailing list'], Meta description : Red Hat Security Advisory for kernel-rt update in Red Hat Enterprise Linux 8.4 addressing security vulnerabilities and bug fixes., Tags : ['Container Advisory', 'CVE-2023-38408', 'Package Changes', 'file descriptor leaks', 'Severity', 'Security Update', 'CVE-2023-38408']
2024-06-17 18:25:41 - INFO - ******************** Processing ID: 348497 ******************** (16/16917 - 0.1%)
2024-06-17 18:25:45 - INFO -  Successfully processed  the record ID:348497
2024-06-17 18:25:46 - INFO - Content id : 348497, Meta keywords : ['Red Hat Security Advisory', 'edk2 package', 'Red Hat Enterprise Linux 8.4', 'CVE-2023-0286', 'X.400 address type confusion', 'X.509 GeneralName', 'openssl', 'security vulnerability', 'GPG signed', 'RHSA-announce mailing list'], Meta description : Update for edk2 package in Red Hat Enterprise Linux 8.4 addressing CVE-2023-0286 security vulnerability., Tags : ['Security Advisory', 'Security Update', 'Severity', 'Container Release', 'Remote Code Execution', 'GPG Signed', 'CVE-2023-38408', 'Remote Code Execution', 'openssh', 'Security Update']
2024-06-17 18:25:46 - INFO - ******************** Processing ID: 348498 ******************** (17/16917 - 0.1%)
2024-06-17 18:25:51 - INFO -  Successfully processed  the record ID:348498
2024-06-17 18:25:51 - INFO - Content id : 348498, Meta keywords : ['Red Hat Security Advisory', 'kernel update', 'CVEs', 'RPM packages', 'Linux kernel', 'security fixes', 'bug fixes', 'package information', 'architecture-specific packages', 'GPG signature'], Meta description : Red Hat Security Advisory for important kernel update addressing CVEs, with details on RPM packages, security and bug fixes, and architecture-specific components., Tags : ['Security Advisory', 'Remote Code Execution', 'Remote Code Execution', 'GPG Signed', 'Remote Code Execution', 'Remote Code Execution', 'GPG Signed', 'Red Hat', 'CVE-2023-38408', 'Security Advisory']
2024-06-17 18:25:51 - INFO - ******************** Processing ID: 348499 ******************** (18/16917 - 0.1%)
2024-06-17 18:25:57 - INFO -  Successfully processed  the record ID:348499
2024-06-17 18:25:58 - INFO - Content id : 348499, Meta keywords : ['Red Hat Security Advisory', 'kpatch-patch', 'security update', 'CVE-2023-1281', 'CVE-2023-32233', 'privilege escalation', 'RPM packages', 'GPG signed', 'security vulnerabilities', 'RHSA-announce mailing list'], Meta description : Important security update for kpatch-patch in Red Hat Enterprise Linux 8.4 Update Services for SAP Solutions addressing CVE-2023-1281 and CVE-2023-32233., Tags : ['security update', 'RPM Packages', 'security update', 'Severity', 'CVE-2023-38408', 'security update', 'CVE-2023-38408', 'Container Release', 'Remote Code Execution', 'debuginfo']
2024-06-17 18:25:58 - INFO - ******************** Processing ID: 348500 ******************** (19/16917 - 0.1%)
2024-06-17 18:26:00 - INFO -  Successfully processed  the record ID:348500
2024-06-17 18:26:01 - INFO - Content id : 348500, Meta keywords : ['Debian LTS Advisory', 'python-git vulnerability', 'shell injection', 'remote URL injection', 'Debian 10 buster'], Meta description : Debian LTS Advisory DLA-3502-1 for python-git vulnerability CVE-2022-24439. Upgrade your python-git packages for security., Tags : ['Security Advisory', 'Severity', 'memory management', 'memory management', 'Package Changes']
2024-06-17 18:26:01 - INFO - ******************** Processing ID: 348501 ******************** (20/16917 - 0.1%)
2024-06-17 18:26:05 - INFO -  Successfully processed  the record ID:348501
2024-06-17 18:26:05 - INFO - Content id : 348501, Meta keywords : ['graphite-web vulnerabilities', 'Ubuntu security notice', 'server-side request forgery', 'cross site scripting', 'CVE-2017-18638', 'CVE-2022-4728', 'CVE-2022-4729', 'CVE-2022-4730', 'system update', 'package versions'], Meta description : Ubuntu Security Notice USN-6243-1: graphite-web vulnerabilities fixed in Ubuntu 22.04 LTS, 20.04 LTS, 18.04 LTS, 16.04 LTS, and 14.04 LTS. Update instructions and package versions provided., Tags : ['Security Advisory', 'Severity', 'Security Advisory', 'file descriptor leaks', 'CVE-2023-38408']
2024-06-17 18:26:05 - INFO - ******************** Processing ID: 348502 ******************** (21/16917 - 0.1%)
