2024-06-17 16:43:57 - INFO - ==================== Total records : 16917 ====================
2024-06-17 16:43:57 - INFO - ******************** Processing ID: 348483 ******************** (2/16917 - 0.0%)
2024-06-17 16:43:58 - INFO -  Successfully processed  the record ID:348483
2024-06-17 16:43:58 - ERROR - Process records ERROR : n_samples=9 should be >= n_clusters=10. Record_id: 348483
2024-06-17 16:43:58 - INFO - ******************** Processing ID: 348484 ******************** (3/16917 - 0.0%)
2024-06-17 16:44:00 - INFO -  Successfully processed  the record ID:348484
2024-06-17 16:44:00 - ERROR - Process records ERROR : n_samples=8 should be >= n_clusters=10. Record_id: 348484
2024-06-17 16:44:00 - INFO - ******************** Processing ID: 348485 ******************** (4/16917 - 0.0%)
2024-06-17 16:44:05 - INFO -  Successfully processed  the record ID:348485
2024-06-17 16:44:06 - INFO - Content id : 348485, Meta keywords : ['zabbix security update', 'openSUSE Backports', 'SLE-15-SP4', 'SLE-15-SP5', 'YaST online_update', 'zypper patch', 'CVE-2023-29454', 'zabbix-agent-4.0.47-bp155.3.3.1', 'vulnerability fix', 'package list'], Meta description : Security update for zabbix software in openSUSE Backports SLE-15-SP4 and SLE-15-SP5, addressing CVE-2023-29454 and providing fixes and improvements., Tags : ['security update', 'vulnerability fix', 'package list', 'software update', 'openSUSE Backports', 'YaST online_update', 'zypper patch', 'zabbix-agent-4.0.47-bp155.3.3.1', 'SLE-15-SP5', 'SLE-15-SP5']
2024-06-17 16:44:06 - INFO - ******************** Processing ID: 348486 ******************** (5/16917 - 0.0%)
2024-06-17 16:44:07 - INFO -  Successfully processed  the record ID:348486
2024-06-17 16:44:07 - INFO - Content id : 348486, Meta keywords : ['WordPress vulnerabilities', 'website security', 'cyber attacks', 'WordPress best practices', 'security plugins', 'SQL injection', 'XSS vulnerabilities', 'brute force attacks', 'file upload vulnerabilities', 'content security policy'], Meta description : Learn about common WordPress vulnerabilities and best practices to secure your website from cyber attacks., Tags : ['WordPress security', 'website protection', 'cyber threats', 'security best practices', 'data protection', 'website maintenance', 'security measures', 'online security', 'website defense', 'security awareness']
2024-06-17 16:44:07 - INFO - ******************** Processing ID: 348487 ******************** (6/16917 - 0.0%)
2024-06-17 16:44:10 - INFO -  Successfully processed  the record ID:348487
2024-06-17 16:44:10 - ERROR - Process records ERROR : n_samples=9 should be >= n_clusters=10. Record_id: 348487
2024-06-17 16:44:10 - INFO - ******************** Processing ID: 348488 ******************** (7/16917 - 0.0%)
2024-06-17 16:44:12 - INFO -  Successfully processed  the record ID:348488
2024-06-17 16:44:12 - INFO - Content id : 348488, Meta keywords : ['SUSE Container Update Advisory', 'Container Tags', 'Container Release', 'Severity', 'Type', 'References', 'Advisory ID', 'Released', 'Summary', 'Security update'], Meta description : SUSE Container Update Advisory: bci/golang, linux-glibc-devel, openssh - Security and recommended updates for containers and Linux packages., Tags : ['Advisory', 'Container', 'Security', 'Update', 'Linux', 'Package', 'Severity', 'References', 'Released', 'Summary']
2024-06-17 16:44:12 - INFO - ******************** Processing ID: 348489 ******************** (8/16917 - 0.0%)
2024-06-17 16:44:14 - INFO -  Successfully processed  the record ID:348489
2024-06-17 16:44:14 - ERROR - Process records ERROR : n_samples=5 should be >= n_clusters=10. Record_id: 348489
2024-06-17 16:44:14 - INFO - ******************** Processing ID: 348490 ******************** (9/16917 - 0.1%)
2024-06-17 16:44:16 - INFO -  Successfully processed  the record ID:348490
2024-06-17 16:44:16 - INFO - Content id : 348490, Meta keywords : ['SUSE Container Update Advisory', 'Container Tags', 'Container Release', 'Security Update', 'CVE-2023-38408', 'openssh', 'PKCS#11 support', 'remote code execution', 'file descriptor leaks', 'memory management'], Meta description : SUSE Container Update Advisory for bci/nodejs, including security updates for openssh and fixes for CVE-2023-38408., Tags : ['Container Advisory', 'Container Tags', 'Container Release', 'Security Update', 'CVE-2023-38408', 'openssh', 'PKCS#11 support', 'remote code execution', 'file descriptor leaks', 'memory management']
2024-06-17 16:44:16 - INFO - ******************** Processing ID: 348491 ******************** (10/16917 - 0.1%)
2024-06-17 16:44:18 - INFO -  Successfully processed  the record ID:348491
2024-06-17 16:44:18 - INFO - Content id : 348491, Meta keywords : ['SUSE Container Update Advisory', 'bci/openjdk-devel', 'security update', 'openssh', 'CVE-2023-38408', 'remote code execution', 'PKCS#11 support', 'file descriptor leaks', 'secrets lingering in memory', 'package changes'], Meta description : SUSE Container Update Advisory for bci/openjdk-devel and security update for openssh, including fixes for CVE-2023-38408 and package changes., Tags : ['Container Update Advisory', 'bci/openjdk-devel', 'security update', 'openssh', 'CVE-2023-38408', 'remote code execution', 'PKCS#11 support', 'file descriptor leaks', 'secrets lingering in memory', 'package changes']
2024-06-17 16:44:18 - INFO - ******************** Processing ID: 348492 ******************** (11/16917 - 0.1%)
2024-06-17 16:44:20 - INFO -  Successfully processed  the record ID:348492
2024-06-17 16:44:20 - ERROR - Process records ERROR : n_samples=5 should be >= n_clusters=10. Record_id: 348492
2024-06-17 16:44:20 - INFO - ******************** Processing ID: 348493 ******************** (12/16917 - 0.1%)
2024-06-17 16:44:22 - INFO -  Successfully processed  the record ID:348493
2024-06-17 16:44:22 - ERROR - Process records ERROR : n_samples=9 should be >= n_clusters=10. Record_id: 348493
2024-06-17 16:44:22 - INFO - ******************** Processing ID: 348494 ******************** (13/16917 - 0.1%)
2024-06-17 16:44:23 - INFO -  Successfully processed  the record ID:348494
2024-06-17 16:44:23 - INFO - Content id : 348494, Meta keywords : ['SUSE Container Update Advisory', 'Container Tags', 'Container Release', 'Security Update', 'CVE-2023-38408', 'openssh', 'Package Changes', 'bci/python', 'Severity', 'References'], Meta description : SUSE Container Update Advisory for bci/python:3-10.20 security update. Fixes CVE-2023-38408 and updates openssh packages., Tags : ['Advisory', 'Container', 'Security', 'CVE', 'openssh', 'Package', 'bci/python', 'Severity', 'References', 'Update']
2024-06-17 16:44:23 - INFO - ******************** Processing ID: 348495 ******************** (14/16917 - 0.1%)
2024-06-17 16:44:26 - INFO -  Successfully processed  the record ID:348495
2024-06-17 16:44:26 - ERROR - Process records ERROR : n_samples=5 should be >= n_clusters=10. Record_id: 348495
2024-06-17 16:44:26 - INFO - ******************** Processing ID: 348496 ******************** (15/16917 - 0.1%)
2024-06-17 16:44:31 - INFO -  Successfully processed  the record ID:348496
2024-06-17 16:44:32 - INFO - Content id : 348496, Meta keywords : ['Red Hat Security Advisory', 'kernel-rt security update', 'bug fix update', 'Real Time Linux Kernel package', 'NFV TUS', 'RT TUS', 'kernel-rt-modules', 'kernel-rt-modules-extra', 'GPG signed packages', 'security vulnerabilities'], Meta description : Red Hat Security Advisory for kernel-rt security and bug fix update for Red Hat Enterprise Linux 8.4, including Real Time Linux Kernel package and NFV TUS, RT TUS packages., Tags : ['Red Hat', 'Security Advisory', 'Kernel-rt', 'Real Time Linux', 'NFV TUS', 'RT TUS', 'GPG signed', 'Security vulnerabilities', 'Bug fix', 'Package details']
2024-06-17 16:44:32 - INFO - ******************** Processing ID: 348497 ******************** (16/16917 - 0.1%)
2024-06-17 16:44:35 - INFO -  Successfully processed  the record ID:348497
2024-06-17 16:44:35 - ERROR - Process records ERROR : n_samples=5 should be >= n_clusters=10. Record_id: 348497
2024-06-17 16:44:35 - INFO - ******************** Processing ID: 348498 ******************** (17/16917 - 0.1%)
2024-06-17 16:44:39 - INFO -  Successfully processed  the record ID:348498
2024-06-17 16:44:39 - ERROR - Process records ERROR : n_samples=7 should be >= n_clusters=10. Record_id: 348498
2024-06-17 16:44:39 - INFO - ******************** Processing ID: 348499 ******************** (18/16917 - 0.1%)
2024-06-17 16:44:43 - INFO -  Successfully processed  the record ID:348499
2024-06-17 16:44:43 - INFO - Content id : 348499, Meta keywords : ['Red Hat Security Advisory', 'kpatch-patch security update', 'kernel live patch module', 'RPM post-install script', 'CVE-2023-1281', 'CVE-2023-32233', 'security fixes', 'Red Hat Enterprise Linux', 'GPG signed packages', 'security vulnerabilities'], Meta description : Red Hat Security Advisory for kpatch-patch security update addressing important security fixes for the kernel live patch module in Red Hat Enterprise Linux., Tags : ['RPM packages', 'architecture', 'kernel versions', 'debugsource packages', 'debugsource packages', 'security updates classification', 'GPG signature verification', 'Red Hat security contact', 'copyright notice', 'RHSA-announce mailing list']
2024-06-17 16:44:43 - INFO - ******************** Processing ID: 348500 ******************** (19/16917 - 0.1%)
2024-06-17 16:44:45 - INFO -  Successfully processed  the record ID:348500
2024-06-17 16:44:45 - ERROR - Process records ERROR : n_samples=5 should be >= n_clusters=10. Record_id: 348500
2024-06-17 16:44:45 - INFO - ******************** Processing ID: 348501 ******************** (20/16917 - 0.1%)
2024-06-17 16:44:47 - INFO -  Successfully processed  the record ID:348501
2024-06-17 16:44:47 - ERROR - Process records ERROR : n_samples=6 should be >= n_clusters=10. Record_id: 348501
2024-06-17 16:44:47 - INFO - ******************** Processing ID: 348502 ******************** (21/16917 - 0.1%)
2024-06-17 16:44:49 - INFO -  Successfully processed  the record ID:348502
2024-06-17 16:44:49 - ERROR - Process records ERROR : n_samples=5 should be >= n_clusters=10. Record_id: 348502
2024-06-17 16:44:49 - INFO - ******************** Processing ID: 348503 ******************** (22/16917 - 0.1%)
2024-06-17 16:44:51 - INFO -  Successfully processed  the record ID:348503
2024-06-17 16:44:51 - INFO - Content id : 348503, Meta keywords : ['ReDoS bug fixed in Django', 'remotely exploitable security issue', 'Linux security analysis', 'significant security vulnerabilities', 'null pointer dereference flaw', 'use-after-free vulnerabilities', 'out-of-bounds read/write vulnerability', 'National Vulnerability Database severity rating', 'system crashes', 'privilege escalation attacks'], Meta description : Stay updated on critical cybersecurity threats, Linux security analysis, and important system updates to protect against severe vulnerabilities., Tags : ['vulnerabilities', 'security updates', 'system access', 'compromise', 'firewall security', 'Denial of Service', 'memory consumption', 'system downtime', 'distro updates', 'cybersecurity threats']
2024-06-17 16:44:51 - INFO - ******************** Processing ID: 348504 ******************** (23/16917 - 0.1%)
2024-06-17 16:44:53 - INFO -  Successfully processed  the record ID:348504
2024-06-17 16:44:53 - ERROR - Process records ERROR : n_samples=5 should be >= n_clusters=10. Record_id: 348504
2024-06-17 16:44:53 - INFO - ******************** Processing ID: 348505 ******************** (24/16917 - 0.1%)
2024-06-17 16:44:55 - INFO -  Successfully processed  the record ID:348505
2024-06-17 16:44:55 - ERROR - Process records ERROR : n_samples=8 should be >= n_clusters=10. Record_id: 348505
2024-06-17 16:44:55 - INFO - ******************** Processing ID: 348506 ******************** (25/16917 - 0.1%)
2024-06-17 16:44:57 - INFO -  Successfully processed  the record ID:348506
2024-06-17 16:44:57 - ERROR - Process records ERROR : n_samples=5 should be >= n_clusters=10. Record_id: 348506
2024-06-17 16:44:57 - INFO - ******************** Processing ID: 348507 ******************** (26/16917 - 0.2%)
2024-06-17 16:44:59 - INFO -  Successfully processed  the record ID:348507
2024-06-17 16:44:59 - ERROR - Process records ERROR : n_samples=5 should be >= n_clusters=10. Record_id: 348507
2024-06-17 16:44:59 - INFO - ******************** Processing ID: 348508 ******************** (27/16917 - 0.2%)
2024-06-17 16:45:00 - INFO -  Successfully processed  the record ID:348508
2024-06-17 16:45:00 - ERROR - Process records ERROR : n_samples=5 should be >= n_clusters=10. Record_id: 348508
2024-06-17 16:45:00 - INFO - ******************** Processing ID: 348509 ******************** (28/16917 - 0.2%)
2024-06-17 16:45:02 - INFO -  Successfully processed  the record ID:348509
2024-06-17 16:45:02 - ERROR - Process records ERROR : n_samples=9 should be >= n_clusters=10. Record_id: 348509
2024-06-17 16:45:02 - INFO - ******************** Processing ID: 348510 ******************** (29/16917 - 0.2%)
2024-06-17 16:45:04 - INFO -  Successfully processed  the record ID:348510
2024-06-17 16:45:04 - ERROR - Process records ERROR : n_samples=8 should be >= n_clusters=10. Record_id: 348510
2024-06-17 16:45:04 - INFO - ******************** Processing ID: 348511 ******************** (30/16917 - 0.2%)
2024-06-17 16:45:05 - INFO -  Successfully processed  the record ID:348511
2024-06-17 16:45:05 - ERROR - Process records ERROR : n_samples=5 should be >= n_clusters=10. Record_id: 348511
2024-06-17 16:45:05 - INFO - ******************** Processing ID: 348512 ******************** (31/16917 - 0.2%)
2024-06-17 16:45:07 - INFO -  Successfully processed  the record ID:348512
2024-06-17 16:45:07 - ERROR - Process records ERROR : n_samples=7 should be >= n_clusters=10. Record_id: 348512
2024-06-17 16:45:07 - INFO - ******************** Processing ID: 348513 ******************** (32/16917 - 0.2%)
2024-06-17 16:45:09 - INFO -  Successfully processed  the record ID:348513
2024-06-17 16:45:09 - ERROR - Process records ERROR : n_samples=5 should be >= n_clusters=10. Record_id: 348513
2024-06-17 16:45:09 - INFO - ******************** Processing ID: 348514 ******************** (33/16917 - 0.2%)
2024-06-17 16:45:11 - INFO -  Successfully processed  the record ID:348514
2024-06-17 16:45:11 - INFO - Content id : 348514, Meta keywords : ['Debian LTS Advisory', 'pandoc vulnerabilities', 'arbitrary file write vulnerabilities', 'CVE-2023-35936', 'CVE-2023-38745', 'Debian 10 buster', 'security tracker page', 'Debian LTS security advisories', 'system upgrades', 'security status'], Meta description : Debian LTS Advisory DLA-3507-1 for pandoc vulnerabilities and system upgrades. Refer to Debian LTS security advisories for detailed information., Tags : ['pandoc vulnerabilities', 'arbitrary file write', 'CVE-2023-38745', 'CVE-2023-38745', 'Debian 10 buster', 'security tracker', 'system upgrades', 'security status', 'Debian LTS', 'security advisories']
2024-06-17 16:45:11 - INFO - ******************** Processing ID: 348515 ******************** (34/16917 - 0.2%)
2024-06-17 16:45:15 - INFO -  Successfully processed  the record ID:348515
2024-06-17 16:45:15 - ERROR - Process records ERROR : n_samples=8 should be >= n_clusters=10. Record_id: 348515
2024-06-17 16:45:15 - INFO - ******************** Processing ID: 348516 ******************** (35/16917 - 0.2%)
