2024-06-17 15:13:28 - INFO - ==================== Total records : 16917 ====================
2024-06-17 15:13:29 - INFO - ******************** Processing ID: 348482 ******************** (2/16917 - 0.0%)
2024-06-17 15:13:29 - ERROR - Extract_record_text ERROR : Error code: 400 - {'error': {'message': "Missing required parameter: 'content[0].type'.", 'type': 'invalid_request_error', 'param': 'content[0].type', 'code': 'missing_required_parameter'}}
2024-06-17 15:13:29 - INFO - ==================== All records have been processed ====================
2024-06-17 15:14:10 - INFO - ==================== Total records : 16917 ====================
2024-06-17 15:14:11 - INFO - ******************** Processing ID: 348482 ******************** (2/16917 - 0.0%)
2024-06-17 15:14:49 - INFO - ==================== Total records : 16917 ====================
2024-06-17 15:14:50 - INFO - ******************** Processing ID: 348482 ******************** (2/16917 - 0.0%)
2024-06-17 15:19:32 - INFO - ==================== Total records : 16917 ====================
2024-06-17 15:19:33 - INFO - ******************** Processing ID: 348482 ******************** (2/16917 - 0.0%)
2024-06-17 15:20:52 - INFO - ==================== Total records : 16917 ====================
2024-06-17 15:20:52 - INFO - ******************** Processing ID: 348482 ******************** (2/16917 - 0.0%)
2024-06-17 15:27:30 - INFO - ==================== Total records : 16917 ====================
2024-06-17 15:27:31 - INFO - ******************** Processing ID: 348482 ******************** (2/16917 - 0.0%)
2024-06-17 15:33:11 - INFO - ==================== Total records : 16917 ====================
2024-06-17 15:33:35 - INFO - ==================== Total records : 16917 ====================
2024-06-17 15:33:37 - INFO - ******************** Processing ID: 348482 ******************** (2/16917 - 0.0%)
2024-06-17 15:34:00 - INFO -  Successfully processed  the record ID:348482
2024-06-17 15:34:00 - INFO - Content id : 348482, Meta keywords : ['software supply chain security', 'open-source software', 'supply chain attacks', 'Linux security', 'security trends', 'online privacy', 'VPN myths', 'misconceptions', 'online security'], Meta description : Explore software supply chain security, Linux security trends, and debunking VPN myths for enhanced online security., Tags : ['software security', 'open-source', 'supply chain attacks', 'Linux', 'security trends', 'online privacy', 'VPN myths', 'misconceptions']
2024-06-17 15:34:00 - INFO - ==================== All records have been processed ====================
2024-06-17 15:37:02 - INFO - ==================== Total records : 16917 ====================
2024-06-17 15:39:05 - INFO - ==================== Total records : 16917 ====================
2024-06-17 15:39:09 - INFO - ******************** Processing ID: 348483 ******************** (2/16917 - 0.0%)
2024-06-17 15:39:34 - INFO - ==================== Total records : 16917 ====================
2024-06-17 15:40:29 - INFO - ==================== Total records : 16917 ====================
2024-06-17 15:43:09 - INFO - ******************** Processing ID: 348483 ******************** (2/16917 - 0.0%)
2024-06-17 15:43:32 - INFO -  Successfully processed  the record ID:348483
2024-06-17 15:43:32 - INFO - Content id : 348483, Meta keywords : ['Ubuntu Security Notice', 'openssh vulnerability', 'secure shell', 'remote access', 'PKCS#11 providers', 'system update', 'CVE-2023-38408', 'package versions', 'security issue', 'arbitrary code execution'], Meta description : Ubuntu Security Notice USN-6242-1: OpenSSH vulnerability affecting Ubuntu 23.04, 22.04 LTS, and 20.04 LTS. Update instructions and package information provided., Tags : ['SSH security', 'Remote access', 'Vulnerability', 'System update', 'Arbitrary code execution']
2024-06-17 15:43:32 - INFO - ******************** Processing ID: 348484 ******************** (3/16917 - 0.0%)
2024-06-17 15:43:37 - INFO -  Successfully processed  the record ID:348484
2024-06-17 15:43:37 - INFO - Content id : 348484, Meta keywords : ['kernel-firmware', 'security issue', 'AMD microcode', 'Tavis Ormandy', 'use-after-free', 'Zen2 processors', 'seclists.org', 'CVE-2023-20593', 'Slackware project', 'FTP hosting'], Meta description : New kernel-firmware packages available for Slackware 14.2, 15.0, and -current to fix a security issue with AMD microcode. Upgrade required for loading new firmware., Tags : ['Slackware', 'kernel-firmware', 'security issue', 'AMD microcode', 'Tavis Ormandy', 'Zen2 processors', 'seclists.org', 'CVE-2023-20593', 'FTP hosting', 'rsync hosting']
2024-06-17 15:43:37 - INFO - ******************** Processing ID: 348485 ******************** (4/16917 - 0.0%)
2024-06-17 15:43:42 - INFO -  Successfully processed  the record ID:348485
2024-06-17 15:43:42 - INFO - Content id : 348485, Meta keywords : ['openSUSE Security Update', 'zabbix security update', 'CVE-2023-29454', 'openSUSE Backports SLE-15-SP4', 'SLE-15-SP5', 'Zabbix monitoring software', 'security vulnerability', 'installation methods', 'bug fixes', 'patch instructions'], Meta description : openSUSE Security Update for zabbix, addressing CVE-2023-29454 and providing new features, improvements, and bug fixes for openSUSE Backports SLE-15-SP4 and SLE-15-SP5., Tags : ['security update', 'vulnerability', 'software packages', 'installation', 'Zabbix monitoring', 'openSUSE Backports', 'SLE-15-SP4', 'SLE-15-SP5', 'bug fixes', 'patch instructions']
2024-06-17 15:43:42 - INFO - ******************** Processing ID: 348486 ******************** (5/16917 - 0.0%)
2024-06-17 15:43:44 - INFO -  Successfully processed  the record ID:348486
2024-06-17 15:43:44 - INFO - Content id : 348486, Meta keywords : ['WordPress vulnerabilities', 'website security', 'cyber attacks', 'WordPress best practices', 'security plugins', 'brute force attacks', 'SQL injection', 'XSS vulnerabilities', 'file upload vulnerabilities', 'WordPress updates'], Meta description : Learn about WordPress vulnerabilities and best practices to secure your website against cyber attacks., Tags : ['WordPress security', 'website protection', 'security best practices', 'cybersecurity threats', 'website maintenance']
2024-06-17 15:43:44 - INFO - ******************** Processing ID: 348487 ******************** (6/16917 - 0.0%)
2024-06-17 15:43:46 - INFO -  Successfully processed  the record ID:348487
2024-06-17 15:43:46 - INFO - Content id : 348487, Meta keywords : ['Debian LTS Advisory', 'renderdoc security issues', 'CVE-2023-33863', 'CVE-2023-33864', 'CVE-2023-33865', 'graphics debugging tool', 'heap-based buffer overflow', 'symlink vulnerability', 'Debian 10 buster', 'security tracker page'], Meta description : Debian LTS Advisory DLA-3501-1 for renderdoc security issues including CVE-2023-33863, CVE-2023-33864, and CVE-2023-33865. Upgrade your renderdoc packages for Debian 10 buster., Tags : ['Debian LTS', 'renderdoc', 'security issues', 'CVE', 'graphics debugging', 'buffer overflow', 'symlink vulnerability', 'Debian 10', 'security tracker', 'package upgrade']
2024-06-17 15:43:46 - INFO - ******************** Processing ID: 348488 ******************** (7/16917 - 0.0%)
2024-06-17 15:43:49 - INFO -  Successfully processed  the record ID:348488
2024-06-17 15:43:49 - INFO - Content id : 348488, Meta keywords : ['SUSE Container Update Advisory', 'Container Tags', 'Container Release', 'Severity', 'Type', 'References', 'Advisory ID', 'Released', 'Summary', 'Type', 'Severity', 'References', 'Security update', 'openssh', 'linux-glibc-devel', 'CVE-2023-38408'], Meta description : SUSE Container Update Advisory for bci/golang, linux-glibc-devel, and openssh. Security updates and recommended updates released for important and moderate severity issues., Tags : ['Container Update', 'Security Advisory', 'Container Release', 'Severity', 'Type', 'References', 'CVE-2023-38408', 'openssh', 'linux-glibc-devel']
2024-06-17 15:43:49 - INFO - ******************** Processing ID: 348489 ******************** (8/16917 - 0.0%)
2024-06-17 15:43:51 - INFO -  Successfully processed  the record ID:348489
2024-06-17 15:43:51 - INFO - Content id : 348489, Meta keywords : ['SUSE Container Update Advisory', 'Container Tags', 'Container Release', 'Security Update', 'CVE-2023-38408', 'openssh', 'Package Changes', 'bci/nodejs', 'bci/node', 'Severity'], Meta description : SUSE Container Update Advisory for bci/nodejs, including security updates for openssh and package changes., Tags : ['Container Advisory', 'Security Update', 'CVE-2023-38408', 'Package Changes', 'bci/nodejs']
2024-06-17 15:43:51 - INFO - ******************** Processing ID: 348490 ******************** (9/16917 - 0.1%)
2024-06-17 15:43:53 - INFO -  Successfully processed  the record ID:348490
2024-06-17 15:43:53 - INFO - Content id : 348490, Meta keywords : ['SUSE Container Update Advisory', 'Container Tags', 'Container Release', 'Security Update', 'CVE-2023-38408', 'openssh', 'PKCS#11 support', 'remote code execution', 'file descriptor leaks', 'memory security'], Meta description : SUSE Container Update Advisory for bci/nodejs, including security updates for openssh and fixes for CVE-2023-38408., Tags : ['Container Advisory', 'Container Tags', 'Container Release', 'Security Update', 'CVE-2023-38408', 'openssh', 'PKCS#11 support', 'remote code execution', 'file descriptor leaks', 'memory security']
2024-06-17 15:43:53 - INFO - ******************** Processing ID: 348491 ******************** (10/16917 - 0.1%)
2024-06-17 15:43:55 - INFO -  Successfully processed  the record ID:348491
2024-06-17 15:43:55 - INFO - Content id : 348491, Meta keywords : ['SUSE Container Update Advisory', 'bci/openjdk-devel', 'security update', 'openssh', 'CVE-2023-38408', 'remote code execution', 'PKCS#11 support', 'file descriptor leaks', 'secrets lingering in memory', 'package changes'], Meta description : SUSE Container Update Advisory for bci/openjdk-devel and security update for openssh with package changes., Tags : ['Container Advisory', 'Security Update', 'openssh', 'CVE-2023-38408', 'PKCS#11', 'File Descriptor Leaks', 'Package Changes', 'Remote Code Execution', 'SUSE-SU-2023:2945-1', 'bci/openjdk-devel']
2024-06-17 15:43:55 - INFO - ******************** Processing ID: 348492 ******************** (11/16917 - 0.1%)
2024-06-17 15:43:57 - INFO -  Successfully processed  the record ID:348492
2024-06-17 15:43:57 - INFO - Content id : 348492, Meta keywords : ['SUSE Container Update Advisory', 'bci/openjdk-devel', 'security update', 'openssh', 'CVE-2023-38408', 'remote code execution', 'PKCS#11 support', 'file descriptor leaks', 'secrets lingering in memory', 'package changes'], Meta description : SUSE Container Update Advisory for bci/openjdk-devel and security update for openssh, addressing CVE-2023-38408 and other vulnerabilities., Tags : ['Container Update', 'Security Advisory', 'OpenSSH Update', 'Vulnerability Fix', 'Package Changes']
2024-06-17 15:43:57 - INFO - ******************** Processing ID: 348493 ******************** (12/16917 - 0.1%)
2024-06-17 15:43:59 - INFO -  Successfully processed  the record ID:348493
2024-06-17 15:43:59 - INFO - Content id : 348493, Meta keywords : ['SUSE Container Update Advisory', 'Container Tags', 'Container Release', 'Severity', 'Type', 'References', 'Security update', 'dbus-1', 'perl', 'glibc'], Meta description : SUSE Container Update Advisory for security updates on dbus-1, perl, and glibc., Tags : ['Advisory', 'Security update', 'Recommended update', 'Severity', 'References', 'CVE-2023-31484', 'CVE-2023-32001', 'CVE-2023-34969', 'dbus-1', 'perl', 'glibc', 'lvm2', 'curl']
2024-06-17 15:43:59 - INFO - ******************** Processing ID: 348494 ******************** (13/16917 - 0.1%)
2024-06-17 15:44:01 - INFO -  Successfully processed  the record ID:348494
2024-06-17 15:44:01 - INFO - Content id : 348494, Meta keywords : ['SUSE Container Update Advisory', 'Container Tags', 'Container Release', 'Security Update', 'openssh', 'CVE-2023-38408', 'bci/python', 'PKCS#11 support', 'remote code execution', 'file descriptor leaks'], Meta description : SUSE Container Update Advisory for bci/python and security update for openssh, addressing CVE-2023-38408 and other vulnerabilities., Tags : ['Advisory', 'Container', 'Security', 'Update', 'openssh', 'Vulnerabilities', 'bci/python', 'PKCS#11', 'Remote Code Execution', 'File Descriptor Leaks']
2024-06-17 15:44:01 - INFO - ******************** Processing ID: 348495 ******************** (14/16917 - 0.1%)
2024-06-17 15:44:03 - INFO -  Successfully processed  the record ID:348495
2024-06-17 15:44:03 - INFO - Content id : 348495, Meta keywords : ['SUSE Container Update Advisory', 'bci/ruby', 'security update', 'linux-glibc-devel', 'openssh'], Meta description : SUSE Container Update Advisory for bci/ruby, linux-glibc-devel, and openssh. Security updates and recommended updates included., Tags : ['Container Update', 'Security Update', 'Linux-glibc-devel', 'Openssh', 'Advisory']
2024-06-17 15:44:03 - INFO - ******************** Processing ID: 348496 ******************** (15/16917 - 0.1%)
2024-06-17 15:44:07 - INFO -  Successfully processed  the record ID:348496
2024-06-17 15:44:07 - INFO - Content id : 348496, Meta keywords : ['Red Hat Enterprise Linux', 'kernel-rt packages', 'security advisory', 'bug fix update', 'vulnerabilities addressed', 'package lists', 'security fixes', 'GPG signatures', 'Common Vulnerabilities and Exposures', 'authentication'], Meta description : Security advisory for Red Hat Enterprise Linux kernel-rt packages, including important security and bug fix updates. Details on vulnerabilities addressed, security fixes, and authentication., Tags : ['Security advisory', 'Bug fix update', 'GPG signatures', 'Common Vulnerabilities and Exposures', 'Authentication']
2024-06-17 15:44:07 - INFO - ******************** Processing ID: 348497 ******************** (16/16917 - 0.1%)
2024-06-17 15:44:12 - INFO -  Successfully processed  the record ID:348497
2024-06-17 15:44:12 - INFO - Content id : 348497, Meta keywords : ['Red Hat Security Advisory', 'edk2 package', 'Enterprise Linux 8.4', 'CVE-2023-0286', 'X.400 address type confusion', 'X.509 GeneralName vulnerability', 'security update', 'GPG signature verification', 'security issue', 'package list'], Meta description : Important security update for the edk2 package in Red Hat Enterprise Linux 8.4 addressing CVE-2023-0286 and X.400 address type confusion vulnerability., Tags : ['Security Advisory', 'Package Update', 'Enterprise Linux', 'Security Issue', 'GPG Signature Verification']
2024-06-17 15:44:12 - INFO - ******************** Processing ID: 348498 ******************** (17/16917 - 0.1%)
2024-06-17 15:44:17 - INFO -  Successfully processed  the record ID:348498
2024-06-17 15:44:17 - INFO - Content id : 348498, Meta keywords : ['Red Hat Security Advisory', 'kernel security update', 'bug fix update', 'Red Hat Enterprise Linux 8.4', 'CVE-2023-1281', 'CVE-2023-32233', 'RPM packages', 'security advisories', 'debuginfo packages', 'architecture'], Meta description : Red Hat Security Advisory for kernel security and bug fix update for Red Hat Enterprise Linux 8.4, including details about security fixes, bug fixes, and relevant releases/architectures., Tags : ['Security Advisory', 'Kernel Update', 'Bug Fix', 'RPM Packages', 'Debuginfo', 'Architecture', 'CVE-2023-1281', 'CVE-2023-32233', 'Red Hat Enterprise Linux 8.4']
2024-06-17 15:44:17 - INFO - ******************** Processing ID: 348499 ******************** (18/16917 - 0.1%)
2024-06-17 15:44:21 - INFO -  Successfully processed  the record ID:348499
2024-06-17 15:44:21 - INFO - Content id : 348499, Meta keywords : ['Red Hat Security Advisory', 'kpatch-patch', 'kernel security update', 'CVE-2023-1281', 'CVE-2023-32233', 'privilege escalation', 'kernel live patch module', 'RPM packages', 'GPG signed', 'security advisories'], Meta description : Important security update for kpatch-patch in Red Hat Enterprise Linux 8.4 Update Services for SAP Solutions addressing CVE-2023-1281 and CVE-2023-32233., Tags : ['Security Advisory', 'Kernel Update', 'Privilege Escalation', 'RPM Packages', 'GPG Signature', 'Security Advisories', 'Red Hat Enterprise Linux', 'SAP Solutions', 'CVE-2023-1281', 'CVE-2023-32233']
2024-06-17 15:44:21 - INFO - ******************** Processing ID: 348500 ******************** (19/16917 - 0.1%)
2024-06-17 15:44:22 - INFO -  Successfully processed  the record ID:348500
2024-06-17 15:44:22 - INFO - Content id : 348500, Meta keywords : ['Debian LTS Advisory', 'python-git vulnerability', 'shell injection', 'remote URL injection', 'security tracker page'], Meta description : Debian LTS Advisory DLA-3502-1 for python-git vulnerability CVE-2022-24439. Upgrade your python-git packages to fix the shell injection vulnerability., Tags : ['python-git', 'vulnerability', 'security advisory', 'Debian LTS', 'shell injection']
2024-06-17 15:44:22 - INFO - ******************** Processing ID: 348501 ******************** (20/16917 - 0.1%)
2024-06-17 15:44:25 - INFO -  Successfully processed  the record ID:348501
2024-06-17 15:44:25 - INFO - Content id : 348501, Meta keywords : ['graphite-web vulnerabilities', 'Ubuntu security notice', 'server-side request forgery', 'cross site scripting', 'package versions'], Meta description : Ubuntu Security Notice USN-6243-1, graphite-web vulnerabilities, security issues fixed, update instructions, package versions., Tags : ['vulnerabilities', 'security notice', 'server-side request forgery', 'cross site scripting', 'package versions']
2024-06-17 15:44:25 - INFO - ******************** Processing ID: 348502 ******************** (21/16917 - 0.1%)
2024-06-17 15:44:26 - INFO -  Successfully processed  the record ID:348502
2024-06-17 15:44:26 - INFO - Content id : 348502, Meta keywords : ['block IP addresses in Linux', 'hosts.allow', 'hosts.deny', 'firewall rules', 'SSH connections', 'suspicious IP address', 'malicious activity', 'sudo privileges', 'terminal window', 'SSH daemon'], Meta description : Learn how to block or allow IP addresses in Linux using hosts.allow and hosts.deny files, and limit SSH connections to specific addresses. No complicated firewall rules needed., Tags : ['IP blocking', 'SSH security', 'Linux server management', 'firewall rules', 'sudo privileges']
2024-06-17 15:44:26 - INFO - ******************** Processing ID: 348503 ******************** (22/16917 - 0.1%)
2024-06-17 15:44:28 - INFO -  Successfully processed  the record ID:348503
2024-06-17 15:44:28 - INFO - Content id : 348503, Meta keywords : ['ReDoS bug fixed in Django', 'remotely exploitable security issue in Bind Internet Domain Name Server', 'Linux security analysis with industry experts', 'null pointer dereference flaw in networking protocol', "use-after-free vulnerabilities in kernel's netfilter subsystem", 'out-of-bounds read/write vulnerability'], Meta description : Critical insights into cybersecurity threats, Linux kernel vulnerabilities, and essential system updates to protect against potential harm., Tags : ['vulnerabilities', 'system updates', 'cybersecurity threats', 'Linux kernel', 'networking protocol', "kernel's netfilter subsystem"]
2024-06-17 15:44:28 - INFO - ******************** Processing ID: 348504 ******************** (23/16917 - 0.1%)
2024-06-17 15:44:30 - INFO -  Successfully processed  the record ID:348504
2024-06-17 15:44:30 - INFO - Content id : 348504, Meta keywords : ['Ubuntu security notice', 'python-django vulnerability', 'Django resource consumption', 'Ubuntu 18.04 LTS', 'ESM update'], Meta description : Ubuntu Security Notice USN-6203-2: Python-Django vulnerability affecting Ubuntu 18.04 LTS. Update available for ESM., Tags : ['Security notice', 'Vulnerability', 'Resource consumption', 'ESM update']
2024-06-17 15:44:30 - INFO - ******************** Processing ID: 348505 ******************** (24/16917 - 0.1%)
2024-06-17 15:44:32 - INFO -  Successfully processed  the record ID:348505
2024-06-17 15:44:32 - INFO - Content id : 348505, Meta keywords : ['Ubuntu security notice', 'avahi vulnerability', 'Ubuntu 18.04 LTS', 'Ubuntu 16.04 LTS', 'Ubuntu 14.04 LTS', 'DBus traffic', 'IPv4LL network address configuration daemon', 'denial of service', 'system update', 'CVE-2023-1981'], Meta description : Ubuntu Security Notice USN-6129-2: Avahi vulnerability affecting Ubuntu 18.04 LTS, 16.04 LTS, and 14.04 LTS. Update instructions provided., Tags : ['Security notice', 'Vulnerability', 'Ubuntu LTS', 'DBus', 'Network address configuration', 'Denial of service', 'System update', 'CVE']
2024-06-17 15:44:32 - INFO - ******************** Processing ID: 348506 ******************** (25/16917 - 0.1%)
2024-06-17 15:44:33 - INFO -  Successfully processed  the record ID:348506
2024-06-17 15:44:33 - INFO - Content id : 348506, Meta keywords : ['Ubuntu security notice', 'amd64-microcode vulnerability', 'AMD processors', 'speculative execution vulnerability', 'Tavis Ormandy'], Meta description : Ubuntu Security Notice USN-6244-1, amd64-microcode vulnerability, AMD processors, speculative execution vulnerability, Tavis Ormandy, Tags : ['Security notice', 'Vulnerability', 'AMD processors', 'Speculative execution', 'Tavis Ormandy']
2024-06-17 15:44:33 - INFO - ******************** Processing ID: 348507 ******************** (26/16917 - 0.2%)
2024-06-17 15:44:35 - INFO -  Successfully processed  the record ID:348507
2024-06-17 15:44:35 - INFO - Content id : 348507, Meta keywords : ['SUSE Container Update Advisory', 'Container Tags', 'Container Release', 'Security Update', 'CVE-2023-38408', 'openssh', 'PKCS#11 support', 'remote code execution', 'file descriptor leaks', 'memory security'], Meta description : SUSE Container Update Advisory for bci/python and security update for openssh, addressing CVE-2023-38408 and other issues., Tags : ['Container Advisory', 'Container Tags', 'Container Release', 'Security Update', 'CVE-2023-38408', 'openssh', 'PKCS#11 support', 'remote code execution', 'file descriptor leaks', 'memory security']
2024-06-17 15:44:35 - INFO - ******************** Processing ID: 348508 ******************** (27/16917 - 0.2%)
2024-06-17 15:44:37 - INFO -  Successfully processed  the record ID:348508
2024-06-17 15:44:37 - INFO - Content id : 348508, Meta keywords : ['Ubuntu security notice', 'openstack-trove vulnerabilities', 'database as a service', 'security issue', 'system update', 'arbitrary code execution'], Meta description : Ubuntu Security Notice USN-6245-1: openstack-trove vulnerabilities affecting Ubuntu 22.04 LTS. Update system to fix security issue., Tags : ['Security notice', 'Vulnerabilities', 'Database service', 'System update', 'Arbitrary code execution']
2024-06-17 15:44:37 - INFO - ******************** Processing ID: 348509 ******************** (28/16917 - 0.2%)
2024-06-17 15:44:39 - INFO -  Successfully processed  the record ID:348509
2024-06-17 15:44:39 - INFO - Content id : 348509, Meta keywords : ['Debian LTS Advisory', 'iperf3', 'memory allocation issue', 'denial of service', 'TCP packets', 'security status', 'security tracker page', 'Debian LTS security advisories', 'system updates', 'frequently asked questions'], Meta description : Debian LTS Advisory DLA-3506-1 for iperf3 version 3.6-2+deb10u1. Memory allocation issue causing denial of service in TCP packets. Upgrade recommended. Security tracker page available., Tags : ['Debian LTS Advisory', 'iperf3', 'memory allocation', 'denial of service', 'TCP packets', 'security status', 'security tracker', 'system updates', 'frequently asked questions']
2024-06-17 15:44:39 - INFO - ******************** Processing ID: 348510 ******************** (29/16917 - 0.2%)
2024-06-17 15:44:41 - INFO -  Successfully processed  the record ID:348510
2024-06-17 15:44:41 - INFO - Content id : 348510, Meta keywords : ['Debian LTS Advisory', 'gst-plugins-good1.0', 'vulnerabilities', 'GStreamer media framework', 'codecs', 'demuxers', 'security status', 'system updates', 'frequently asked questions'], Meta description : Debian LTS Advisory DLA-3505-1 for gst-plugins-good1.0, addressing multiple vulnerabilities in GStreamer media framework. Update your system for security., Tags : ['Debian LTS', 'vulnerabilities', 'GStreamer', 'codecs', 'demuxers', 'security updates', 'system maintenance', 'frequently asked questions']
2024-06-17 15:44:41 - INFO - ******************** Processing ID: 348511 ******************** (30/16917 - 0.2%)
2024-06-17 15:44:43 - INFO -  Successfully processed  the record ID:348511
2024-06-17 15:44:43 - INFO - Content id : 348511, Meta keywords : ['Debian LTS Advisory', 'gst-plugins-bad1.0', 'vulnerabilities', 'GStreamer media framework', 'codecs', 'demuxers', 'security status', 'security advisories', 'system updates', 'frequently asked questions'], Meta description : Debian LTS Advisory DLA-3503-1 for gst-plugins-bad1.0, addressing multiple vulnerabilities in GStreamer media framework. Upgrade recommended. Find detailed security status and FAQs., Tags : ['Debian LTS', 'gst-plugins-bad1.0', 'vulnerabilities', 'GStreamer', 'codecs', 'demuxers', 'security status', 'system updates', 'frequently asked questions']
2024-06-17 15:44:43 - INFO - ******************** Processing ID: 348512 ******************** (31/16917 - 0.2%)
2024-06-17 15:44:45 - INFO -  Successfully processed  the record ID:348512
2024-06-17 15:44:45 - INFO - Content id : 348512, Meta keywords : ['Debian LTS Advisory', 'gst-plugins-base1.0', 'vulnerabilities', 'GStreamer media framework', 'codecs', 'demuxers', 'security status', 'system updates', 'frequently asked questions'], Meta description : Debian LTS Advisory DLA-3504-1 for gst-plugins-base1.0, addressing multiple vulnerabilities in GStreamer media framework. Upgrade packages for security., Tags : ['Debian LTS', 'vulnerabilities', 'GStreamer', 'codecs', 'demuxers', 'security updates']
2024-06-17 15:44:45 - INFO - ******************** Processing ID: 348513 ******************** (32/16917 - 0.2%)
2024-06-17 15:51:39 - INFO - ==================== Total records : 16917 ====================
2024-06-17 15:51:45 - INFO - All records have been processed
2024-06-17 15:53:02 - INFO - ==================== Total records : 16917 ====================
2024-06-17 15:57:55 - INFO - ==================== Total records : 16917 ====================
2024-06-17 15:58:00 - INFO - ******************** Processing ID: 348483 ******************** (2/16917 - 0.0%)
2024-06-17 15:58:02 - INFO -  Successfully processed  the record ID:348483
2024-06-17 15:58:02 - INFO - Content id : 348483, Meta keywords : ['Ubuntu Security Notice', 'openssh vulnerability', 'Ubuntu 23.04', 'Ubuntu 22.04 LTS', 'Ubuntu 20.04 LTS', 'OpenSSH', 'ssh-agent forwarding', 'PKCS#11 providers', 'arbitrary code execution', 'system update'], Meta description : OpenSSH vulnerability affecting Ubuntu 23.04, 22.04 LTS, and 20.04 LTS. Update instructions provided. References and package information available., Tags : ['Security Notice', 'vulnerability', 'SSH', 'remote access', 'system update', 'arbitrary code execution']
2024-06-17 15:58:02 - INFO - ******************** Processing ID: 348484 ******************** (3/16917 - 0.0%)
2024-06-17 15:58:04 - INFO -  Successfully processed  the record ID:348484
2024-06-17 15:58:04 - INFO - Content id : 348484, Meta keywords : ['kernel-firmware', 'security issue', 'AMD microcode', 'use-after-free', 'Tavis Ormandy', 'poc', 'keys and passwords', 'CVE-2023-20593'], Meta description : New kernel-firmware packages available for Slackware 14.2, 15.0, and -current to fix a security issue with AMD microcode. Details from the Slackware 15.0 ChangeLog., Tags : ['Slackware', 'kernel-firmware', 'security issue', 'AMD microcode', 'Tavis Ormandy', 'CVE-2023-20593']
2024-06-17 15:58:04 - INFO - ******************** Processing ID: 348485 ******************** (4/16917 - 0.0%)
2024-06-17 15:58:09 - INFO -  Successfully processed  the record ID:348485
2024-06-17 15:58:09 - INFO - Content id : 348485, Meta keywords : ['zabbix package update', 'vulnerability CVE-2023-29454', 'openSUSE Backports SLE-15-SP4', 'openSUSE Backports SLE-15-SP5', 'package list', 'patch instructions', 'CVSS score 5.4', 'software version updates', 'security vulnerability addressed', 'debuginfo and debugsource packages'], Meta description : OpenSUSE security update for zabbix package addressing vulnerability CVE-2023-29454, with new features, improvements, and bug fixes. Available for openSUSE Backports SLE-15-SP4 and SLE-15-SP5., Tags : ['zabbix update', 'security vulnerability', 'package list', 'patch instructions', 'CVSS score', 'software version updates', 'debuginfo packages', 'debugsource packages']
2024-06-17 15:58:09 - INFO - ******************** Processing ID: 348486 ******************** (5/16917 - 0.0%)
2024-06-17 15:58:10 - INFO -  Successfully processed  the record ID:348486
2024-06-17 15:58:10 - INFO - Content id : 348486, Meta keywords : ['WordPress vulnerabilities', 'website security', 'cyber attacks', 'WordPress best practices', 'security plugins', 'SQL injection', 'XSS vulnerabilities', 'brute force attacks', 'file upload vulnerabilities', 'content security policy'], Meta description : Explore common WordPress vulnerabilities and best practices to safeguard your website from cyber attacks., Tags : ['WordPress security', 'website protection', 'security best practices', 'cyber threats', 'data protection', 'website maintenance']
2024-06-17 15:58:10 - INFO - ******************** Processing ID: 348487 ******************** (6/16917 - 0.0%)
2024-06-17 15:58:13 - INFO -  Successfully processed  the record ID:348487
2024-06-17 15:58:13 - INFO - Content id : 348487, Meta keywords : ['Debian LTS Advisory', 'renderdoc security', 'CVE-2023-33863', 'CVE-2023-33864', 'CVE-2023-33865', 'graphics debugging tool', 'integer overflow', 'heap-based buffer overflow', 'symlink vulnerability', 'Debian 10 buster'], Meta description : Debian LTS Advisory DLA-3501-1 for renderdoc security vulnerabilities CVE-2023-33863, CVE-2023-33864, and CVE-2023-33865. Upgrade your renderdoc packages for Debian 10 buster., Tags : ['security advisory', 'renderdoc', 'vulnerabilities', 'Debian 10 buster', 'security tracker']
2024-06-17 15:58:13 - INFO - ******************** Processing ID: 348488 ******************** (7/16917 - 0.0%)
2024-06-17 15:58:15 - INFO -  Successfully processed  the record ID:348488
2024-06-17 15:58:15 - INFO - Content id : 348488, Meta keywords : ['SUSE Container Update Advisory', 'Container Tags', 'Container Release', 'Severity', 'Type', 'References', 'Advisory ID', 'Released', 'Summary', 'Security update'], Meta description : SUSE Container Update Advisory for bci/golang, linux-glibc-devel, and openssh. Security and recommended updates with important and moderate severity., Tags : ['Container Update', 'Security Advisory', 'Container Release', 'Severity', 'Type', 'References', 'Recommended Update', 'Security Update', 'linux-glibc-devel', 'openssh']
2024-06-17 15:58:15 - INFO - ******************** Processing ID: 348489 ******************** (8/16917 - 0.0%)
2024-06-17 15:58:17 - INFO -  Successfully processed  the record ID:348489
2024-06-17 15:58:17 - INFO - Content id : 348489, Meta keywords : ['SUSE Container Update Advisory', 'bci/nodejs', 'Container Release', 'Security Update', 'openssh', 'CVE-2023-38408', 'ssh-agent', 'remote code execution', 'file descriptor leaks', 'memory security'], Meta description : SUSE Container Update Advisory for bci/nodejs with security updates for openssh, addressing CVE-2023-38408 and other vulnerabilities., Tags : ['Container Advisory', 'Container Tags', 'Container Release', 'Security Update', 'openssh', 'CVE-2023-38408', 'ssh-agent', 'remote code execution', 'file descriptor leaks', 'memory security']
2024-06-17 15:58:17 - INFO - ******************** Processing ID: 348490 ******************** (9/16917 - 0.1%)
2024-06-17 15:58:18 - INFO -  Successfully processed  the record ID:348490
2024-06-17 15:58:18 - INFO - Content id : 348490, Meta keywords : ['SUSE Container Update Advisory', 'Container Tags', 'Container Release', 'Security Update', 'CVE-2023-38408', 'openssh', 'ssh-agent', 'remote code execution', 'file descriptor leaks', 'memory security'], Meta description : SUSE Container Update Advisory for bci/nodejs, including security updates for openssh and fixes for CVE-2023-38408., Tags : ['Container Advisory', 'Security Update', 'CVE-2023-38408', 'openssh', 'ssh-agent', 'remote code execution', 'file descriptor leaks', 'memory security', 'package changes', 'SUSE-SU-2023:2945-1']
2024-06-17 15:58:18 - INFO - ******************** Processing ID: 348491 ******************** (10/16917 - 0.1%)
2024-06-17 15:58:21 - INFO -  Successfully processed  the record ID:348491
2024-06-17 15:58:21 - INFO - Content id : 348491, Meta keywords : ['SUSE Container Update Advisory', 'bci/openjdk-devel', 'security update', 'openssh', 'CVE-2023-38408', 'remote code execution', 'libaries loaded', 'PKCS#11 support', 'file descriptor leaks', 'secrets lingering'], Meta description : SUSE Container Update Advisory for bci/openjdk-devel and security update for openssh, addressing CVE-2023-38408 and other vulnerabilities., Tags : ['Container Update', 'Security Advisory', 'OpenSSH Update', 'Vulnerability Patch', 'Remote Code Execution', 'PKCS#11 Support', 'File Descriptor Leaks', 'Memory Management', 'Package Update', 'Linux Server Management']
2024-06-17 15:58:21 - INFO - ******************** Processing ID: 348492 ******************** (11/16917 - 0.1%)
2024-06-17 15:58:24 - INFO -  Successfully processed  the record ID:348492
2024-06-17 15:58:24 - INFO - Content id : 348492, Meta keywords : ['SUSE Container Update Advisory', 'bci/openjdk-devel', 'security update', 'openssh', 'CVE-2023-38408', 'remote code execution', 'PKCS#11 support', 'file descriptor leaks', 'secrets lingering in memory', 'package changes'], Meta description : SUSE Container Update Advisory for bci/openjdk-devel and security update for openssh with package changes., Tags : ['Container Advisory', 'Security Update', 'CVE-2023-38408', 'Remote Code Execution', 'Package Changes']
2024-06-17 15:58:24 - INFO - ******************** Processing ID: 348493 ******************** (12/16917 - 0.1%)
2024-06-17 15:58:26 - INFO -  Successfully processed  the record ID:348493
2024-06-17 15:58:26 - INFO - Content id : 348493, Meta keywords : ['SUSE Container Update Advisory', 'Container Tags', 'Container Release', 'Severity', 'Type', 'References', 'Security update', 'dbus-1', 'perl', 'glibc'], Meta description : SUSE Container Update Advisory: Security updates for dbus-1, perl, glibc, curl, and lvm2 released on specific dates with severity levels and references., Tags : ['Advisory', 'Security update', 'Severity', 'References', 'dbus-1', 'perl', 'glibc', 'curl', 'lvm2']
2024-06-17 15:58:26 - INFO - ******************** Processing ID: 348494 ******************** (13/16917 - 0.1%)
2024-06-17 15:58:28 - INFO -  Successfully processed  the record ID:348494
2024-06-17 15:58:28 - INFO - Content id : 348494, Meta keywords : ['SUSE Container Update Advisory', 'Container Tags', 'Container Release', 'Security Update', 'CVE-2023-38408', 'openssh', 'Package Changes', 'bci/python', 'Severity', 'References'], Meta description : SUSE Container Update Advisory for bci/python:3-10.20 and openssh security update with important severity., Tags : ['Container Advisory', 'Security Update', 'CVE-2023-38408', 'Package Changes', 'Severity', 'References']
2024-06-17 15:58:28 - INFO - ******************** Processing ID: 348495 ******************** (14/16917 - 0.1%)
2024-06-17 15:58:29 - INFO -  Successfully processed  the record ID:348495
2024-06-17 15:58:29 - INFO - Content id : 348495, Meta keywords : ['SUSE Container Update Advisory', 'bci/ruby', 'security update', 'linux-glibc-devel', 'openssh'], Meta description : SUSE Container Update Advisory for bci/ruby, security update for linux-glibc-devel and openssh., Tags : ['Container Update', 'Security Update', 'Linux-glibc-devel', 'Openssh']
2024-06-17 15:58:29 - INFO - ******************** Processing ID: 348496 ******************** (15/16917 - 0.1%)
2024-06-17 15:58:34 - INFO -  Successfully processed  the record ID:348496
2024-06-17 15:58:34 - INFO - Content id : 348496, Meta keywords : ['Red Hat Security Advisory', 'kernel-rt component', 'security fixes', 'vulnerabilities', 'CVE links', 'bug fix', 'RT source tree', 'package details', 'reboot', 'x86_64 architecture'], Meta description : Important security and bug fix update for the kernel-rt component in Red Hat Enterprise Linux 8.4. Includes security fixes for vulnerabilities CVE-2023-1281 and CVE-2023-32233, and a bug fix related to updating the RT source tree., Tags : ['Red Hat Enterprise Linux', 'kernel-rt component', 'security fixes', 'vulnerabilities', 'bug fix', 'x86_64 architecture', 'GPG signed', 'security updates', 'PGP signature', 'Red Hat security team']
2024-06-17 15:58:34 - INFO - ******************** Processing ID: 348497 ******************** (16/16917 - 0.1%)
2024-06-17 15:58:37 - INFO -  Successfully processed  the record ID:348497
2024-06-17 15:58:37 - INFO - Content id : 348497, Meta keywords : ['Red Hat Security Advisory', 'edk2 security update', 'X.400 address type confusion', 'CVE-2023-0286', 'security vulnerability', 'GPG signing', 'RHSA announcements', 'security update', 'Red Hat Enterprise Linux 8.4'], Meta description : Important security update for edk2 addressing X.400 address type confusion in X.509 GeneralName for Red Hat Enterprise Linux 8.4., Tags : ['Security Advisory', 'Update', 'Vulnerability', 'GPG Signing', 'RHSA']
2024-06-17 15:58:37 - INFO - ******************** Processing ID: 348498 ******************** (17/16917 - 0.1%)
2024-06-17 15:58:47 - INFO -  Successfully processed  the record ID:348498
2024-06-17 15:58:47 - INFO - Content id : 348498, Meta keywords : ['Red Hat Security Advisory', 'kernel security update', 'bug fix update', 'RPM packages', 'security vulnerabilities', 'CVE-2023-1281', 'CVE-2023-32233', 'reboot required', 'architecture-specific packages', 'GPG signature'], Meta description : Red Hat Security Advisory for kernel security and bug fix update for Red Hat Enterprise Linux 8.4, addressing security vulnerabilities and including architecture-specific RPM packages., Tags : ['Security Advisory', 'Kernel Update', 'Bug Fix', 'RPM Packages', 'Security Vulnerabilities', 'GPG Signature', 'Reboot Required', 'Architecture-Specific', 'Red Hat Enterprise Linux', 'CVEs']
2024-06-17 15:58:47 - INFO - ******************** Processing ID: 348499 ******************** (18/16917 - 0.1%)
2024-06-17 15:58:51 - INFO -  Successfully processed  the record ID:348499
2024-06-17 15:58:51 - INFO - Content id : 348499, Meta keywords : ['Red Hat Security Advisory', 'kpatch-patch security update', 'Red Hat Enterprise Linux 8.4 Update Services for SAP Solutions', 'security impact', 'CVE names', 'package list', 'security vulnerabilities', 'kernel versions', 'GPG signed', 'RHSA-announce mailing list'], Meta description : Red Hat Security Advisory for kpatch-patch security update on Red Hat Enterprise Linux 8.4 Update Services for SAP Solutions, addressing security vulnerabilities and providing package list for different architectures., Tags : ['Security Advisory', 'kpatch-patch', 'Update Services', 'SAP Solutions', 'CVE names', 'GPG signed', 'RHSA-announce', 'security vulnerabilities', 'kernel versions', 'package list']
2024-06-17 15:58:51 - INFO - ******************** Processing ID: 348500 ******************** (19/16917 - 0.1%)
2024-06-17 15:58:52 - INFO -  Successfully processed  the record ID:348500
2024-06-17 15:58:52 - INFO - Content id : 348500, Meta keywords : ['Debian LTS Advisory', 'python-git vulnerability', 'shell injection', 'remote URL injection', 'Debian 10 buster'], Meta description : Debian LTS Advisory DLA-3502-1 for python-git vulnerability CVE-2022-24439. Upgrade your python-git packages for security., Tags : ['Security advisory', 'Vulnerability', 'Python library', 'Git repositories', 'Debian 10']
2024-06-17 15:58:52 - INFO - ******************** Processing ID: 348501 ******************** (20/16917 - 0.1%)
2024-06-17 15:58:54 - INFO -  Successfully processed  the record ID:348501
2024-06-17 15:58:54 - INFO - Content id : 348501, Meta keywords : ['graphite-web vulnerabilities', 'Ubuntu security notice', 'server-side request forgery', 'cross site scripting', 'CVE-2017-18638', 'CVE-2022-4728', 'CVE-2022-4729', 'CVE-2022-4730', 'system update', 'package versions'], Meta description : Ubuntu Security Notice USN-6243-1: Several security issues fixed in Graphite-Web affecting Ubuntu 22.04 LTS, 20.04 LTS, 18.04 LTS, 16.04 LTS, and 14.04 LTS., Tags : ['vulnerabilities', 'security notice', 'server-side request forgery', 'cross site scripting', 'system update', 'package versions']
2024-06-17 15:58:54 - INFO - ******************** Processing ID: 348502 ******************** (21/16917 - 0.1%)
2024-06-17 15:58:56 - INFO -  Successfully processed  the record ID:348502
2024-06-17 15:58:56 - INFO - Content id : 348502, Meta keywords : ['block IP addresses in Linux', 'hosts.allow', 'hosts.deny', 'firewall rules', 'SSH connections', 'suspicious IP address', 'malicious activity', 'SSH access', 'Linux machine', 'sudo privileges'], Meta description : Learn how to block or allow IP addresses in Linux using hosts.allow and hosts.deny files, and limit SSH connections to specific addresses. Secure your servers and desktops with ease., Tags : ['IP blocking', 'firewall management', 'SSH security', 'Linux server access', 'sudo privileges']
2024-06-17 15:58:56 - INFO - ******************** Processing ID: 348503 ******************** (22/16917 - 0.1%)
2024-06-17 15:58:58 - INFO -  Successfully processed  the record ID:348503
2024-06-17 15:58:58 - INFO - Content id : 348503, Meta keywords : ['ReDoS bug fixed in Django', 'remotely exploitable security issue', 'Linux security analysis', 'significant security vulnerabilities', 'null pointer dereference flaw', 'use-after-free vulnerabilities', 'out-of-bounds read/write vulnerability', 'National Vulnerability Database severity rating', 'system crashes', 'privilege escalation attacks'], Meta description : Stay updated on critical cybersecurity threats, Linux security analysis, and essential system updates to protect against severe vulnerabilities., Tags : ['vulnerabilities', 'security updates', 'system access', 'remotely exploitable issue', 'Denial of Service', 'firewall security', 'Django updates', 'Bind updates', 'system downtime', 'compromise']
2024-06-17 15:58:58 - INFO - ******************** Processing ID: 348504 ******************** (23/16917 - 0.1%)
2024-06-17 15:59:00 - INFO -  Successfully processed  the record ID:348504
2024-06-17 15:59:00 - INFO - Content id : 348504, Meta keywords : ['Ubuntu security notice', 'python-django vulnerability', 'Django security issue', 'Ubuntu 18.04 LTS', 'ESM update', 'Denial of service', 'CVE-2023-36053'], Meta description : Ubuntu Security Notice USN-6203-2: Django vulnerability affecting Ubuntu 18.04 LTS. Update available for ESM. Details and references included., Tags : ['Security notice', 'Vulnerability', 'ESM update', 'Denial of service', 'CVE-2023-36053']
2024-06-17 15:59:00 - INFO - ******************** Processing ID: 348505 ******************** (24/16917 - 0.1%)
2024-06-17 15:59:02 - INFO -  Successfully processed  the record ID:348505
2024-06-17 15:59:02 - INFO - Content id : 348505, Meta keywords : ['Ubuntu Security Notice', 'avahi vulnerability', 'Ubuntu 18.04 LTS', 'Ubuntu 16.04 LTS', 'Ubuntu 14.04 LTS', 'DBus traffic', 'IPv4LL network address configuration daemon', 'denial of service', 'system update', 'CVE-2023-1981'], Meta description : Avahi vulnerability in Ubuntu 18.04 LTS, 16.04 LTS, and 14.04 LTS could cause denial of service. Update system to fix the issue., Tags : ['Security Notice', 'vulnerability', 'Ubuntu LTS', 'DBus', 'network address', 'denial of service', 'system update', 'CVE-2023-1981']
2024-06-17 15:59:02 - INFO - ******************** Processing ID: 348506 ******************** (25/16917 - 0.1%)
2024-06-17 15:59:04 - INFO -  Successfully processed  the record ID:348506
2024-06-17 15:59:04 - INFO - Content id : 348506, Meta keywords : ['Ubuntu security notice', 'amd64-microcode vulnerability', 'AMD processors', 'vector register speculative execution vulnerability', 'Tavis Ormandy'], Meta description : Ubuntu Security Notice USN-6244-1: AMD processors vulnerability affecting Ubuntu 23.04, 22.04 LTS, 20.04 LTS, 18.04 LTS, and 16.04 LTS., Tags : ['Security notice', 'Vulnerability', 'AMD processors', 'Speculative execution', 'Tavis Ormandy']
2024-06-17 15:59:04 - INFO - ******************** Processing ID: 348507 ******************** (26/16917 - 0.2%)
2024-06-17 15:59:05 - INFO -  Successfully processed  the record ID:348507
2024-06-17 15:59:05 - INFO - Content id : 348507, Meta keywords : ['SUSE Container Update Advisory', 'Container Tags', 'Container Release', 'Security Update', 'openssh', 'CVE-2023-38408', 'bci/python', 'PKCS#11 support', 'Remote code execution', 'File descriptor leaks'], Meta description : SUSE Container Update Advisory for bci/python:3-8.23 and openssh security update with fixes for CVE-2023-38408., Tags : ['Advisory', 'Container', 'Security', 'Update', 'openssh', 'CVE-2023-38408', 'bci/python', 'PKCS#11', 'Remote code execution', 'File descriptor leaks']
2024-06-17 15:59:05 - INFO - ******************** Processing ID: 348508 ******************** (27/16917 - 0.2%)
2024-06-17 15:59:07 - INFO -  Successfully processed  the record ID:348508
2024-06-17 15:59:07 - INFO - Content id : 348508, Meta keywords : ['Ubuntu security notice', 'openstack-trove vulnerabilities', 'database as a service', 'system update', 'python3-trove'], Meta description : Ubuntu Security Notice USN-6245-1: openstack-trove vulnerabilities affecting Ubuntu 22.04 LTS. Update instructions for python3-trove., Tags : ['Security notice', 'Vulnerabilities', 'Database service', 'System update', 'Python3-trove']
2024-06-17 15:59:07 - INFO - ******************** Processing ID: 348509 ******************** (28/16917 - 0.2%)
2024-06-17 15:59:09 - INFO -  Successfully processed  the record ID:348509
2024-06-17 15:59:09 - INFO - Content id : 348509, Meta keywords : ['Debian LTS Advisory', 'iperf3', 'memory allocation issue', 'denial of service', 'TCP packets', 'security tracker page', 'security advisories', 'system updates', 'frequently asked questions'], Meta description : Debian LTS Advisory DLA-3506-1 for iperf3 version 3.6-2+deb10u1. Memory allocation issue causing denial of service in TCP packets. Security updates and FAQs., Tags : ['Debian LTS', 'iperf3', 'memory allocation', 'denial of service', 'TCP packets', 'security updates', 'frequently asked questions']
2024-06-17 15:59:09 - INFO - ******************** Processing ID: 348510 ******************** (29/16917 - 0.2%)
2024-06-17 15:59:10 - INFO -  Successfully processed  the record ID:348510
2024-06-17 15:59:10 - INFO - Content id : 348510, Meta keywords : ['Debian LTS Advisory', 'gst-plugins-good1.0', 'vulnerabilities', 'GStreamer media framework', 'codecs', 'demuxers', 'security status', 'system updates', 'frequently asked questions'], Meta description : Debian LTS Advisory DLA-3505-1 for gst-plugins-good1.0, addressing multiple vulnerabilities in GStreamer media framework. Update your system for security., Tags : ['Advisory', 'Vulnerabilities', 'GStreamer', 'Codecs', 'Demuxers', 'Security Updates', 'System Maintenance', 'FAQ']
2024-06-17 15:59:10 - INFO - ******************** Processing ID: 348511 ******************** (30/16917 - 0.2%)
2024-06-17 15:59:12 - INFO -  Successfully processed  the record ID:348511
2024-06-17 15:59:12 - INFO - Content id : 348511, Meta keywords : ['Debian LTS Advisory', 'gst-plugins-bad1.0', 'vulnerabilities', 'GStreamer media framework', 'codecs', 'demuxers', 'security status', 'security advisories', 'system updates', 'frequently asked questions'], Meta description : Debian LTS Advisory DLA-3503-1 for gst-plugins-bad1.0, addressing multiple vulnerabilities in GStreamer media framework and its codecs and demuxers. Upgrade recommended., Tags : ['Debian LTS', 'gst-plugins-bad1.0', 'vulnerabilities', 'GStreamer', 'codecs', 'demuxers', 'security status', 'system updates', 'frequently asked questions']
2024-06-17 15:59:12 - INFO - ******************** Processing ID: 348512 ******************** (31/16917 - 0.2%)
2024-06-17 15:59:14 - INFO -  Successfully processed  the record ID:348512
2024-06-17 15:59:14 - INFO - Content id : 348512, Meta keywords : ['Debian LTS Advisory', 'gst-plugins-base1.0', 'vulnerabilities', 'GStreamer media framework', 'codecs', 'demuxers', 'security status', 'security tracker page', 'system updates', 'frequently asked questions'], Meta description : Debian LTS Advisory DLA-3504-1 for gst-plugins-base1.0, addressing multiple vulnerabilities in GStreamer media framework and its codecs and demuxers. Upgrade recommended., Tags : ['Advisory', 'Vulnerabilities', 'GStreamer', 'Codecs', 'Demuxers', 'Security Status', 'System Updates', 'FAQ']
2024-06-17 15:59:14 - INFO - ******************** Processing ID: 348513 ******************** (32/16917 - 0.2%)
2024-06-17 15:59:15 - INFO -  Successfully processed  the record ID:348513
2024-06-17 15:59:15 - INFO - Content id : 348513, Meta keywords : ['Debian Security Advisory', 'OpenJDK Java runtime', 'vulnerabilities', 'sandbox restrictions', 'information disclosure', 'cryptographic strength', 'directory traversal', 'denial of service', 'security tracker page', 'security updates'], Meta description : Discover vulnerabilities in OpenJDK Java runtime and learn how to secure your system with Debian Security Advisories., Tags : ['Debian Security Advisory', 'OpenJDK Java runtime', 'vulnerabilities', 'security updates', 'information disclosure', 'cryptographic strength']
2024-06-17 15:59:15 - INFO - ******************** Processing ID: 348514 ******************** (33/16917 - 0.2%)
2024-06-17 15:59:17 - INFO -  Successfully processed  the record ID:348514
2024-06-17 15:59:17 - INFO - Content id : 348514, Meta keywords : ['Debian LTS Advisory', 'pandoc vulnerabilities', 'arbitrary file write', 'CVE-2023-35936', 'CVE-2023-38745', 'Debian 10 buster', 'security tracker page', 'Debian LTS security advisories', 'system updates', 'frequently asked questions'], Meta description : Debian LTS Advisory DLA-3507-1 for pandoc vulnerabilities, including arbitrary file write CVE-2023-35936 and CVE-2023-38745. Update your system for security., Tags : ['pandoc', 'vulnerabilities', 'Debian LTS', 'security updates', 'system management']
2024-06-17 15:59:17 - INFO - ******************** Processing ID: 348515 ******************** (34/16917 - 0.2%)
2024-06-17 15:59:21 - INFO -  Successfully processed  the record ID:348515
2024-06-17 15:59:21 - INFO - Content id : 348515, Meta keywords : ['Red Hat Security Advisory', 'DevWorkspace Operator', 'security impact update', 'CVEs', 'bug fixes', 'solutions', 'apply update', 'vulnerabilities', 'contact details', 'PGP signature'], Meta description : Red Hat Security Advisory for DevWorkspace Operator, providing solutions for security impact update and bug fixes. Includes CVEs, vulnerabilities, and contact details., Tags : ['Security Advisory', 'DevWorkspace Operator', 'CVEs', 'Bug Fixes', 'Vulnerabilities', 'PGP Signature']
2024-06-17 15:59:21 - INFO - ******************** Processing ID: 348516 ******************** (35/16917 - 0.2%)
2024-06-17 15:59:23 - INFO -  Successfully processed  the record ID:348516
2024-06-17 15:59:23 - INFO - Content id : 348516, Meta keywords : ['Debian Security Advisory', 'amd64-microcode', 'CVE-2023-20593', 'Tavis Ormandy', 'Zen 2 CPUs', 'AMD advisory', 'EPYC CPUs', 'microcode release', 'security tracker page', 'amd64-microcode packages'], Meta description : Debian Security Advisory DSA-5459-1 for amd64-microcode package, addressing CVE-2023-20593 and providing updates for Zen 2 CPUs. AMD advisory for EPYC CPUs also included., Tags : ['Security Advisory', 'amd64-microcode', 'CVE-2023-20593', 'Tavis Ormandy', 'Zen 2 CPUs', 'AMD advisory', 'EPYC CPUs', 'microcode release', 'security tracker', 'package updates']
2024-06-17 15:59:23 - INFO - ******************** Processing ID: 348517 ******************** (36/16917 - 0.2%)
2024-06-17 15:59:25 - INFO -  Successfully processed  the record ID:348517
2024-06-17 15:59:25 - INFO - Content id : 348517, Meta keywords : ['Ubuntu Security Notice', 'linux-oem-6.1 vulnerabilities', 'Linux kernel security', 'system update', 'kernel updates'], Meta description : Ubuntu Security Notice USN-6249-1: Linux kernel security vulnerabilities fixed in Ubuntu 22.04 LTS. Update instructions included., Tags : ['Security Notice', 'Kernel Vulnerabilities', 'System Update', 'Ubuntu 22.04 LTS', 'Linux Kernel Management']
2024-06-17 15:59:25 - INFO - ******************** Processing ID: 348518 ******************** (37/16917 - 0.2%)
2024-06-17 15:59:27 - INFO -  Successfully processed  the record ID:348518
2024-06-17 15:59:27 - INFO - Content id : 348518, Meta keywords : ['Ubuntu Security Notice', 'Linux kernel vulnerabilities', 'linux-oem-5.17', 'security issues', 'denial of service', 'firewall filtering', 'use-after-free vulnerability', 'out-of-bounds read vulnerability', 'system crash', 'arbitrary code execution'], Meta description : Ubuntu Security Notice USN-6247-1: Linux kernel vulnerabilities in linux-oem-5.17 affecting Ubuntu 22.04 LTS. Update instructions included., Tags : ['Security Notice', 'Kernel Vulnerabilities', 'System Update', 'Linux OEM', 'Denial of Service', 'Firewall Filtering', 'Vulnerability', 'System Crash', 'Arbitrary Code Execution', 'Ubuntu 22.04 LTS']
2024-06-17 15:59:27 - INFO - ******************** Processing ID: 348519 ******************** (38/16917 - 0.2%)
2024-06-17 15:59:29 - INFO -  Successfully processed  the record ID:348519
2024-06-17 15:59:29 - INFO - Content id : 348519, Meta keywords : ['Ubuntu Security Notice', 'USN-6248-1', 'linux-oem-6.0 vulnerabilities', 'Linux kernel security issues', 'Adreno GPU DRM driver', 'OverlayFS implementation', 'netfilter subsystem', 'io_uring subsystem', 'ABI change', 'kernel updates'], Meta description : Ubuntu Security Notice USN-6248-1: Linux kernel security issues and vulnerabilities in linux-oem-6.0. Update instructions for Ubuntu 22.04 LTS., Tags : ['Security Notice', 'Vulnerabilities', 'Kernel Issues', 'System Update', 'ABI Change']
2024-06-17 15:59:29 - INFO - ******************** Processing ID: 348520 ******************** (39/16917 - 0.2%)
2024-06-17 15:59:33 - INFO -  Successfully processed  the record ID:348520
2024-06-17 15:59:33 - INFO - Content id : 348520, Meta keywords : ['Ubuntu Security Notice', 'vulnerabilities', 'Linux kernel', 'Ubuntu LTS release', 'denial of service attacks', 'arbitrary code execution', 'package versions', 'hardware configurations', 'security updates', 'release notes'], Meta description : Ubuntu Security Notice USN-6246-1 addresses vulnerabilities in the Linux kernel affecting Ubuntu 22.04 LTS and 20.04 LTS. Update instructions provided., Tags : ['Ubuntu Security Notice', 'vulnerabilities', 'Linux kernel', 'Ubuntu LTS', 'package versions', 'security updates', 'release notes', 'hardware configurations', 'denial of service', 'arbitrary code execution']
2024-06-17 15:59:33 - INFO - ******************** Processing ID: 348521 ******************** (40/16917 - 0.2%)
2024-06-17 15:59:37 - INFO -  Successfully processed  the record ID:348521
2024-06-17 15:59:37 - INFO - Content id : 348521, Meta keywords : ['Ubuntu Security Notice', 'Linux kernel vulnerabilities', 'Cloud system security', 'OverlayFS', 'IP-VLAN network driver', 'Netfilter subsystem', 'Memory management subsystem', 'Io_uring subsystem', 'Package update instructions', 'Kernel version update'], Meta description : Ubuntu Security Notice details security vulnerabilities in the Linux kernel for various cloud systems, including AWS, Azure, GCP, IBM cloud, and Oracle Cloud. It provides update instructions for Ubuntu 23.04., Tags : ['Kernel vulnerabilities', 'Cloud system security', 'Package update instructions', 'System reboot', 'CVEs', 'Ubuntu launchpad']
2024-06-17 15:59:37 - INFO - ******************** Processing ID: 348522 ******************** (41/16917 - 0.2%)
2024-06-17 15:59:38 - INFO -  Successfully processed  the record ID:348522
2024-06-17 15:59:38 - INFO - Content id : 348522, Meta keywords : ['389 Directory Server', 'LDAPv3 compliant server', 'server administration', 'Fedora 38', '389-ds-base', 'LDAP server', 'command line utilities', 'server update', 'server management', 'server security'], Meta description : Update notification for 389 Directory Server (base) in Fedora 38, including server administration and security enhancements., Tags : ['Update notification', 'Server administration', 'Server security', 'Fedora 38', 'LDAPv3 compliant']
2024-06-17 15:59:39 - INFO - ******************** Processing ID: 348523 ******************** (42/16917 - 0.2%)
2024-06-17 15:59:41 - INFO -  Successfully processed  the record ID:348523
2024-06-17 15:59:41 - INFO - Content id : 348523, Meta keywords : ['terminal emulator', 'GPU based', 'threaded rendering', 'tiling', 'Kittens framework', 'startup sessions', 'cross-platform', 'scrollback buffer', 'copy/paste buffers', 'CVE-2008-2383'], Meta description : Fedora 38 update for kitty, a cross-platform, fast, feature full, GPU based terminal emulator. Version 0.29.1 fixes CVE-2008-2383., Tags : ['Fedora 38', 'terminal emulator', 'GPU based', 'threaded rendering', 'tiling', 'Kittens framework', 'cross-platform', 'CVE-2008-2383']
2024-06-17 15:59:41 - INFO - ******************** Processing ID: 348524 ******************** (43/16917 - 0.3%)
2024-06-17 15:59:42 - INFO -  Successfully processed  the record ID:348524
2024-06-17 15:59:42 - INFO - Content id : 348524, Meta keywords : ['Mozilla Thunderbird', 'mail client', 'newsgroup client', 'update', 'security advisory'], Meta description : Mozilla Thunderbird mail and newsgroup client update to version 102.13.0 with security advisory., Tags : ['Mail client', 'Newsgroup client', 'Security advisory', 'Update', 'Fedora 37']
2024-06-17 15:59:42 - INFO - ******************** Processing ID: 348525 ******************** (44/16917 - 0.3%)
2024-06-17 15:59:44 - INFO -  Successfully processed  the record ID:348525
2024-06-17 15:59:44 - INFO - Content id : 348525, Meta keywords : ['SUSE Container Update Advisory', 'bci-init', 'Container Release', 'Security Update', 'openssl-1_1', 'CVE-2023-3446', 'libopenssl1_1', 'sles15-image-15.0.0'], Meta description : SUSE Container Update Advisory for bci/bci-init:15.4 and openssl-1_1 security update with CVE-2023-3446 fix., Tags : ['Advisory', 'Container', 'Security', 'Update', 'openssl-1_1', 'CVE-2023-3446', 'libopenssl1_1', 'sles15-image-15.0.0']
2024-06-17 15:59:44 - INFO - ******************** Processing ID: 348526 ******************** (45/16917 - 0.3%)
2024-06-17 15:59:46 - INFO -  Successfully processed  the record ID:348526
2024-06-17 15:59:46 - INFO - Content id : 348526, Meta keywords : ['SUSE Container Update Advisory', 'Container Tags', 'Container Release', 'Security Update', 'openssl-1_1', 'CVE-2023-3446', 'libopenssl1_1-hmac', 'libopenssl1_1', 'openssl-1_1'], Meta description : SUSE Container Update Advisory for suse/sle15, including security updates for openssl-1_1 and package changes., Tags : ['Advisory', 'Container', 'Security', 'Update', 'openssl-1_1', 'CVE-2023-3446', 'Package Changes']
2024-06-17 15:59:46 - INFO - ******************** Processing ID: 348527 ******************** (46/16917 - 0.3%)
