2024-05-03 13:00:33 - INFO - Tag_id : 66 , Tag : Linux , content_id :102096 
2024-05-03 13:00:33 - INFO - Tag_id : 66 , Tag :Browser , content_id :102096 
2024-05-03 13:01:17 - INFO - Tag_id : 67 , Tag :Security , content_id :102096 
2024-05-03 13:01:17 - INFO - Tag_id : 67 , Tag :Vulnerabilities , content_id :102096 
2024-05-03 13:18:22 - INFO - Linux tag is already exists 
2024-05-03 15:27:45 - INFO - Browser   tag is already exists
2024-05-03 15:31:07 - INFO - Security  tag is already exists
2024-05-03 15:31:08 - INFO - Vulnerabilities  tag is already exists
2024-05-06 10:21:31 - INFO - Custom linux2  tag is already exists
2024-05-06 10:21:31 - INFO - new tagasic  tag is already exists
2024-05-06 10:21:31 - INFO - test100  tag is already exists
2024-05-06 13:33:37 - INFO - Custom linux2  tag is already exists
2024-05-06 13:33:37 - INFO - new tagasic  tag is already exists
2024-05-06 13:33:37 - INFO - test100  tag is already exists
2024-05-06 13:41:57 - INFO - security  tag is already exists
2024-05-06 13:42:08 - INFO - Linux  tag is already exists
2024-05-06 13:42:44 - INFO - Tag_id : 68 , Tag :samba , content_id :101986 
2024-05-06 13:43:06 - INFO - Tag_id : 69 , Tag :Debian , content_id :101986 
2024-05-06 13:43:10 - INFO - Tag_id : 70 , Tag :upgrade , content_id :101986 
2024-05-06 13:54:21 - INFO - Tag_id : 71 , Tag :SuSE , content_id :104290 
2024-05-06 13:54:23 - INFO - security  tag is already exists
2024-05-06 13:54:25 - INFO - Tag_id : 72 , Tag :vulnerability , content_id :104290 
2024-05-06 13:54:28 - INFO - Tag_id : 73 , Tag :perl , content_id :104290 
2024-05-06 13:54:34 - INFO - Tag_id : 74 , Tag :command execution , content_id :104290 
2024-05-06 13:58:00 - INFO - Tag_id : 75 , Tag :Test demo , content_id :104290 
2024-05-06 14:02:02 - INFO - Tag_id : 76 , Tag :SuSE Security Team , content_id :104290 
2024-05-06 14:11:43 - INFO - SuSE Security Team  tag is already exists
2024-05-06 15:04:06 - INFO - Tag_id : 77 , Tag :Security Update , content_id :104270 
2024-05-06 15:05:41 - INFO - Tag_id : 78 , Tag :Linux Server , content_id :104270 
2024-05-06 15:05:44 - INFO - Tag_id : 79 , Tag :Buffer Overflow , content_id :104270 
2024-05-06 15:05:50 - INFO - Vulnerability  tag is already exists
2024-05-06 15:12:27 - INFO - Security update  tag is already exists
2024-05-06 15:12:27 - INFO - Linux server  tag is already exists
2024-05-06 15:12:27 - INFO - Tag_id : 80 , Tag :ORBit , content_id :101939 
2024-05-06 15:12:27 - INFO - Tag_id : 81 , Tag :esound , content_id :101939 
2024-05-06 15:12:27 - INFO - Tag_id : 82 , Tag :gnome-core , content_id :101939 
2024-05-07 12:54:01 - INFO - Tag_id : 83 , Tag :Security Advisory , content_id :101939 
2024-05-07 12:54:04 - INFO - Tag_id : 84 , Tag :Linux server management , content_id :101939 
2024-05-07 12:58:31 - INFO - Tag_id : 85 , Tag :RPM packages , content_id :101939 
2024-05-07 12:58:33 - INFO - Tag_id : 86 , Tag :GPG signature , content_id :101939 
2024-05-07 15:23:41 - INFO - Tag_id : 87 , Tag :00000 , content_id :356646 
2024-05-07 15:24:51 - INFO - Tag_id : 88 , Tag :My cutom tag , content_id :356646 
2024-05-07 15:26:00 - INFO - Tag_id : 89 , Tag :My cutom tags , content_id :356646 
